Archive member included to satisfy reference by file (symbol)

C:/ST/STM32CubeIDE_2.2.0/STM32CubeIDE/plugins/com.st.stm32cube.ide.mcu.externaltools.gnu-tools-for-stm32.14.3.rel1.win32_1.0.100.202602081740/tools/bin/../lib/gcc/arm-none-eabi/14.3.1/../../../../arm-none-eabi/lib/thumb/v7e-m+fp/hard\libc_nano.a(libc_a-exit.o)
                              C:/ST/STM32CubeIDE_2.2.0/STM32CubeIDE/plugins/com.st.stm32cube.ide.mcu.externaltools.gnu-tools-for-stm32.14.3.rel1.win32_1.0.100.202602081740/tools/bin/../lib/gcc/arm-none-eabi/14.3.1/../../../../arm-none-eabi/lib/thumb/v7e-m+fp/hard/crt0.o (exit)
C:/ST/STM32CubeIDE_2.2.0/STM32CubeIDE/plugins/com.st.stm32cube.ide.mcu.externaltools.gnu-tools-for-stm32.14.3.rel1.win32_1.0.100.202602081740/tools/bin/../lib/gcc/arm-none-eabi/14.3.1/../../../../arm-none-eabi/lib/thumb/v7e-m+fp/hard\libc_nano.a(libc_a-findfp.o)
                              ./Middlewares/Third_Party/FreeRTOS/Source/tasks.o (__sf)
C:/ST/STM32CubeIDE_2.2.0/STM32CubeIDE/plugins/com.st.stm32cube.ide.mcu.externaltools.gnu-tools-for-stm32.14.3.rel1.win32_1.0.100.202602081740/tools/bin/../lib/gcc/arm-none-eabi/14.3.1/../../../../arm-none-eabi/lib/thumb/v7e-m+fp/hard\libc_nano.a(libc_a-fwalk.o)
                              C:/ST/STM32CubeIDE_2.2.0/STM32CubeIDE/plugins/com.st.stm32cube.ide.mcu.externaltools.gnu-tools-for-stm32.14.3.rel1.win32_1.0.100.202602081740/tools/bin/../lib/gcc/arm-none-eabi/14.3.1/../../../../arm-none-eabi/lib/thumb/v7e-m+fp/hard\libc_nano.a(libc_a-findfp.o) (_fwalk_sglue)
C:/ST/STM32CubeIDE_2.2.0/STM32CubeIDE/plugins/com.st.stm32cube.ide.mcu.externaltools.gnu-tools-for-stm32.14.3.rel1.win32_1.0.100.202602081740/tools/bin/../lib/gcc/arm-none-eabi/14.3.1/../../../../arm-none-eabi/lib/thumb/v7e-m+fp/hard\libc_nano.a(libc_a-stdio.o)
                              C:/ST/STM32CubeIDE_2.2.0/STM32CubeIDE/plugins/com.st.stm32cube.ide.mcu.externaltools.gnu-tools-for-stm32.14.3.rel1.win32_1.0.100.202602081740/tools/bin/../lib/gcc/arm-none-eabi/14.3.1/../../../../arm-none-eabi/lib/thumb/v7e-m+fp/hard\libc_nano.a(libc_a-findfp.o) (__sread)
C:/ST/STM32CubeIDE_2.2.0/STM32CubeIDE/plugins/com.st.stm32cube.ide.mcu.externaltools.gnu-tools-for-stm32.14.3.rel1.win32_1.0.100.202602081740/tools/bin/../lib/gcc/arm-none-eabi/14.3.1/../../../../arm-none-eabi/lib/thumb/v7e-m+fp/hard\libc_nano.a(libc_a-memset.o)
                              C:/ST/STM32CubeIDE_2.2.0/STM32CubeIDE/plugins/com.st.stm32cube.ide.mcu.externaltools.gnu-tools-for-stm32.14.3.rel1.win32_1.0.100.202602081740/tools/bin/../lib/gcc/arm-none-eabi/14.3.1/../../../../arm-none-eabi/lib/thumb/v7e-m+fp/hard/crt0.o (memset)
C:/ST/STM32CubeIDE_2.2.0/STM32CubeIDE/plugins/com.st.stm32cube.ide.mcu.externaltools.gnu-tools-for-stm32.14.3.rel1.win32_1.0.100.202602081740/tools/bin/../lib/gcc/arm-none-eabi/14.3.1/../../../../arm-none-eabi/lib/thumb/v7e-m+fp/hard\libc_nano.a(libc_a-closer.o)
                              C:/ST/STM32CubeIDE_2.2.0/STM32CubeIDE/plugins/com.st.stm32cube.ide.mcu.externaltools.gnu-tools-for-stm32.14.3.rel1.win32_1.0.100.202602081740/tools/bin/../lib/gcc/arm-none-eabi/14.3.1/../../../../arm-none-eabi/lib/thumb/v7e-m+fp/hard\libc_nano.a(libc_a-stdio.o) (_close_r)
C:/ST/STM32CubeIDE_2.2.0/STM32CubeIDE/plugins/com.st.stm32cube.ide.mcu.externaltools.gnu-tools-for-stm32.14.3.rel1.win32_1.0.100.202602081740/tools/bin/../lib/gcc/arm-none-eabi/14.3.1/../../../../arm-none-eabi/lib/thumb/v7e-m+fp/hard\libc_nano.a(libc_a-reent.o)
                              ./Middlewares/Third_Party/FreeRTOS/Source/tasks.o (_reclaim_reent)
C:/ST/STM32CubeIDE_2.2.0/STM32CubeIDE/plugins/com.st.stm32cube.ide.mcu.externaltools.gnu-tools-for-stm32.14.3.rel1.win32_1.0.100.202602081740/tools/bin/../lib/gcc/arm-none-eabi/14.3.1/../../../../arm-none-eabi/lib/thumb/v7e-m+fp/hard\libc_nano.a(libc_a-impure.o)
                              ./Middlewares/Third_Party/FreeRTOS/Source/tasks.o (_impure_ptr)
C:/ST/STM32CubeIDE_2.2.0/STM32CubeIDE/plugins/com.st.stm32cube.ide.mcu.externaltools.gnu-tools-for-stm32.14.3.rel1.win32_1.0.100.202602081740/tools/bin/../lib/gcc/arm-none-eabi/14.3.1/../../../../arm-none-eabi/lib/thumb/v7e-m+fp/hard\libc_nano.a(libc_a-lseekr.o)
                              C:/ST/STM32CubeIDE_2.2.0/STM32CubeIDE/plugins/com.st.stm32cube.ide.mcu.externaltools.gnu-tools-for-stm32.14.3.rel1.win32_1.0.100.202602081740/tools/bin/../lib/gcc/arm-none-eabi/14.3.1/../../../../arm-none-eabi/lib/thumb/v7e-m+fp/hard\libc_nano.a(libc_a-stdio.o) (_lseek_r)
C:/ST/STM32CubeIDE_2.2.0/STM32CubeIDE/plugins/com.st.stm32cube.ide.mcu.externaltools.gnu-tools-for-stm32.14.3.rel1.win32_1.0.100.202602081740/tools/bin/../lib/gcc/arm-none-eabi/14.3.1/../../../../arm-none-eabi/lib/thumb/v7e-m+fp/hard\libc_nano.a(libc_a-readr.o)
[...]
Memory Configuration

Name             Origin             Length             Attributes
CCMRAM           0x10000000         0x00010000         xrw
RAM              0x20000000         0x00020000         xrw
FLASH            0x08000000         0x00080000         xr
*default*        0x00000000         0xffffffff

Linker script and memory map

LOAD C:/ST/STM32CubeIDE_2.2.0/STM32CubeIDE/plugins/com.st.stm32cube.ide.mcu.externaltools.gnu-tools-for-stm32.14.3.rel1.win32_1.0.100.202602081740/tools/bin/../lib/gcc/arm-none-eabi/14.3.1/thumb/v7e-m+fp/hard/crti.o
LOAD C:/ST/STM32CubeIDE_2.2.0/STM32CubeIDE/plugins/com.st.stm32cube.ide.mcu.externaltools.gnu-tools-for-stm32.14.3.rel1.win32_1.0.100.202602081740/tools/bin/../lib/gcc/arm-none-eabi/14.3.1/thumb/v7e-m+fp/hard/crtbegin.o
LOAD C:/ST/STM32CubeIDE_2.2.0/STM32CubeIDE/plugins/com.st.stm32cube.ide.mcu.externaltools.gnu-tools-for-stm32.14.3.rel1.win32_1.0.100.202602081740/tools/bin/../lib/gcc/arm-none-eabi/14.3.1/../../../../arm-none-eabi/lib/thumb/v7e-m+fp/hard/crt0.o
LOAD ./Core/Src/freertos.o
LOAD ./Core/Src/gpio.o
LOAD ./Core/Src/main.o
LOAD ./Core/Src/stepper.o
LOAD ./Core/Src/stm32f4xx_hal_msp.o
LOAD ./Core/Src/stm32f4xx_hal_timebase_tim.o
LOAD ./Core/Src/stm32f4xx_it.o
LOAD ./Core/Src/syscalls.o
LOAD ./Core/Src/sysmem.o
LOAD ./Core/Src/system_stm32f4xx.o
LOAD ./Core/Src/tim.o
LOAD ./Core/Src/usart.o
LOAD ./Core/Startup/startup_stm32f407vetx.o
LOAD ./Drivers/STM32F4xx_HAL_Driver/Src/stm32f4xx_hal.o
LOAD ./Drivers/STM32F4xx_HAL_Driver/Src/stm32f4xx_hal_cortex.o
LOAD ./Drivers/STM32F4xx_HAL_Driver/Src/stm32f4xx_hal_dma.o
LOAD ./Drivers/STM32F4xx_HAL_Driver/Src/stm32f4xx_hal_dma_ex.o
LOAD ./Drivers/STM32F4xx_HAL_Driver/Src/stm32f4xx_hal_exti.o
LOAD ./Drivers/STM32F4xx_HAL_Driver/Src/stm32f4xx_hal_flash.o
LOAD ./Drivers/STM32F4xx_HAL_Driver/Src/stm32f4xx_hal_flash_ex.o
LOAD ./Drivers/STM32F4xx_HAL_Driver/Src/stm32f4xx_hal_flash_ramfunc.o
LOAD ./Drivers/STM32F4xx_HAL_Driver/Src/stm32f4xx_hal_gpio.o
LOAD ./Drivers/STM32F4xx_HAL_Driver/Src/stm32f4xx_hal_pwr.o
LOAD ./Drivers/STM32F4xx_HAL_Driver/Src/stm32f4xx_hal_pwr_ex.o
LOAD ./Drivers/STM32F4xx_HAL_Driver/Src/stm32f4xx_hal_rcc.o
LOAD ./Drivers/STM32F4xx_HAL_Driver/Src/stm32f4xx_hal_rcc_ex.o
LOAD ./Drivers/STM32F4xx_HAL_Driver/Src/stm32f4xx_hal_tim.o
LOAD ./Drivers/STM32F4xx_HAL_Driver/Src/stm32f4xx_hal_tim_ex.o
LOAD ./Drivers/STM32F4xx_HAL_Driver/Src/stm32f4xx_hal_uart.o
LOAD ./Middlewares/Third_Party/FreeRTOS/Source/CMSIS_RTOS_V2/cmsis_os2.o
LOAD ./Middlewares/Third_Party/FreeRTOS/Source/croutine.o
LOAD ./Middlewares/Third_Party/FreeRTOS/Source/event_groups.o
LOAD ./Middlewares/Third_Party/FreeRTOS/Source/list.o
LOAD ./Middlewares/Third_Party/FreeRTOS/Source/queue.o
LOAD ./Middlewares/Third_Party/FreeRTOS/Source/stream_buffer.o
LOAD ./Middlewares/Third_Party/FreeRTOS/Source/tasks.o
LOAD ./Middlewares/Third_Party/FreeRTOS/Source/timers.o
LOAD ./Middlewares/Third_Party/FreeRTOS/Source/portable/GCC/ARM_CM4F/port.o
LOAD ./Middlewares/Third_Party/FreeRTOS/Source/portable/MemMang/heap_4.o
START GROUP
LOAD C:/ST/STM32CubeIDE_2.2.0/STM32CubeIDE/plugins/com.st.stm32cube.ide.mcu.externaltools.gnu-tools-for-stm32.14.3.rel1.win32_1.0.100.202602081740/tools/bin/../lib/gcc/arm-none-eabi/14.3.1/../../../../arm-none-eabi/lib/thumb/v7e-m+fp/hard\libc_nano.a
LOAD C:/ST/STM32CubeIDE_2.2.0/STM32CubeIDE/plugins/com.st.stm32cube.ide.mcu.externaltools.gnu-tools-for-stm32.14.3.rel1.win32_1.0.100.202602081740/tools/bin/../lib/gcc/arm-none-eabi/14.3.1/../../../../arm-none-eabi/lib/thumb/v7e-m+fp/hard\libm.a
END GROUP
START GROUP
LOAD C:/ST/STM32CubeIDE_2.2.0/STM32CubeIDE/plugins/com.st.stm32cube.ide.mcu.externaltools.gnu-tools-for-stm32.14.3.rel1.win32_1.0.100.202602081740/tools/bin/../lib/gcc/arm-none-eabi/14.3.1/thumb/v7e-m+fp/hard\libgcc.a
LOAD C:/ST/STM32CubeIDE_2.2.0/STM32CubeIDE/plugins/com.st.stm32cube.ide.mcu.externaltools.gnu-tools-for-stm32.14.3.rel1.win32_1.0.100.202602081740/tools/bin/../lib/gcc/arm-none-eabi/14.3.1/../../../../arm-none-eabi/lib/thumb/v7e-m+fp/hard\libc_nano.a
END GROUP
START GROUP
LOAD C:/ST/STM32CubeIDE_2.2.0/STM32CubeIDE/plugins/com.st.stm32cube.ide.mcu.externaltools.gnu-tools-for-stm32.14.3.rel1.win32_1.0.100.202602081740/tools/bin/../lib/gcc/arm-none-eabi/14.3.1/thumb/v7e-m+fp/hard\libgcc.a
LOAD C:/ST/STM32CubeIDE_2.2.0/STM32CubeIDE/plugins/com.st.stm32cube.ide.mcu.externaltools.gnu-tools-for-stm32.14.3.rel1.win32_1.0.100.202602081740/tools/bin/../lib/gcc/arm-none-eabi/14.3.1/../../../../arm-none-eabi/lib/thumb/v7e-m+fp/hard\libc_nano.a
LOAD C:/ST/STM32CubeIDE_2.2.0/STM32CubeIDE/plugins/com.st.stm32cube.ide.mcu.externaltools.gnu-tools-for-stm32.14.3.rel1.win32_1.0.100.202602081740/tools/bin/../lib/gcc/arm-none-eabi/14.3.1/../../../../arm-none-eabi/lib/thumb/v7e-m+fp/hard\libnosys.a
END GROUP
START GROUP
LOAD C:/ST/STM32CubeIDE_2.2.0/STM32CubeIDE/plugins/com.st.stm32cube.ide.mcu.externaltools.gnu-tools-for-stm32.14.3.rel1.win32_1.0.100.202602081740/tools/bin/../lib/gcc/arm-none-eabi/14.3.1/thumb/v7e-m+fp/hard\libgcc.a
LOAD C:/ST/STM32CubeIDE_2.2.0/STM32CubeIDE/plugins/com.st.stm32cube.ide.mcu.externaltools.gnu-tools-for-stm32.14.3.rel1.win32_1.0.100.202602081740/tools/bin/../lib/gcc/arm-none-eabi/14.3.1/../../../../arm-none-eabi/lib/thumb/v7e-m+fp/hard\libc_nano.a
LOAD C:/ST/STM32CubeIDE_2.2.0/STM32CubeIDE/plugins/com.st.stm32cube.ide.mcu.externaltools.gnu-tools-for-stm32.14.3.rel1.win32_1.0.100.202602081740/tools/bin/../lib/gcc/arm-none-eabi/14.3.1/../../../../arm-none-eabi/lib/thumb/v7e-m+fp/hard\libnosys.a
END GROUP
LOAD C:/ST/STM32CubeIDE_2.2.0/STM32CubeIDE/plugins/com.st.stm32cube.ide.mcu.externaltools.gnu-tools-for-stm32.14.3.rel1.win32_1.0.100.202602081740/tools/bin/../lib/gcc/arm-none-eabi/14.3.1/thumb/v7e-m+fp/hard/crtend.o
LOAD C:/ST/STM32CubeIDE_2.2.0/STM32CubeIDE/plugins/com.st.stm32cube.ide.mcu.externaltools.gnu-tools-for-stm32.14.3.rel1.win32_1.0.100.202602081740/tools/bin/../lib/gcc/arm-none-eabi/14.3.1/thumb/v7e-m+fp/hard/crtn.o
                0x20020000                        _estack = (ORIGIN (RAM) + LENGTH (RAM))
                0x00000200                        _Min_Heap_Size = 0x200
                0x00000400                        _Min_Stack_Size = 0x400

.isr_vector     0x08000000      0x188
                0x08000000                        . = ALIGN (0x4)
 *(.isr_vector)
 .isr_vector    0x08000000      0x188 ./Core/Startup/startup_stm32f407vetx.o
                0x08000000                g_pfnVectors
                0x08000188                        . = ALIGN (0x4)

.text           0x08000190     0x76b0
                0x08000190                        . = ALIGN (0x4)
 *(.text)
 .text          0x08000190       0x40 C:/ST/STM32CubeIDE_2.2.0/STM32CubeIDE/plugins/com.st.stm32cube.ide.mcu.externaltools.gnu-tools-for-stm32.14.3.rel1.win32_1.0.100.202602081740/tools/bin/../lib/gcc/arm-none-eabi/14.3.1/thumb/v7e-m+fp/hard/crtbegin.o
 .text          0x080001d0       0x30 C:/ST/STM32CubeIDE_2.2.0/STM32CubeIDE/plugins/com.st.stm32cube.ide.mcu.externaltools.gnu-tools-for-stm32.14.3.rel1.win32_1.0.100.202602081740/tools/bin/../lib/gcc/arm-none-eabi/14.3.1/thumb/v7e-m+fp/hard\libgcc.a(_aeabi_uldivmod.o)
                0x080001d0                __aeabi_uldivmod
 .text          0x08000200      0x2f8 C:/ST/STM32CubeIDE_2.2.0/STM32CubeIDE/plugins/com.st.stm32cube.ide.mcu.externaltools.gnu-tools-for-stm32.14.3.rel1.win32_1.0.100.202602081740/tools/bin/../lib/gcc/arm-none-eabi/14.3.1/thumb/v7e-m+fp/hard\libgcc.a(_udivmoddi4.o)
                0x08000200                __udivmoddi4
 .text          0x080004f8        0x4 C:/ST/STM32CubeIDE_2.2.0/STM32CubeIDE/plugins/com.st.stm32cube.ide.mcu.externaltools.gnu-tools-for-stm32.14.3.rel1.win32_1.0.100.202602081740/tools/bin/../lib/gcc/arm-none-eabi/14.3.1/thumb/v7e-m+fp/hard\libgcc.a(_dvmd_tls.o)
                0x080004f8                __aeabi_idiv0
                0x080004f8                __aeabi_ldiv0
 *(.text*)
 .text.parsePacketTask
                0x080004fc       0x64 ./Core/Src/freertos.o
                0x080004fc                parsePacketTask
 .text.setTimersTask
                0x08000560      0x1b4 ./Core/Src/freertos.o
                0x08000560                setTimersTask
 .text.MX_FREERTOS_Init
                0x08000714      0x114 ./Core/Src/freertos.o
                0x08000714                MX_FREERTOS_Init
 .text.StartDefaultTask
                0x08000828       0x10 ./Core/Src/freertos.o
                0x08000828                StartDefaultTask
 .text.MX_GPIO_Init
                0x08000838      0x14c ./Core/Src/gpio.o
                0x08000838                MX_GPIO_Init
 .text.main     0x08000984       0x4c ./Core/Src/main.o
                0x08000984                main
 .text.SystemClock_Config
                0x080009d0       0xd4 ./Core/Src/main.o
                0x080009d0                SystemClock_Config
 .text.HAL_UART_RxCpltCallback
                0x08000aa4       0x58 ./Core/Src/main.o
                0x08000aa4                HAL_UART_RxCpltCallback
 .text.HAL_TIM_PeriodElapsedCallback
                0x08000afc       0x24 ./Core/Src/main.o
                0x08000afc                HAL_TIM_PeriodElapsedCallback
 .text.Error_Handler
                0x08000b20        0xc ./Core/Src/main.o
                0x08000b20                Error_Handler
 .text.stepper_init
                0x08000b2c       0x46 ./Core/Src/stepper.o
                0x08000b2c                stepper_init
 .text.stepper_set_direction
                0x08000b72       0x3c ./Core/Src/stepper.o
                0x08000b72                stepper_set_direction
 *fill*         0x08000bae        0x2 
 .text.stepper_calc_timer
                0x08000bb0       0x7c ./Core/Src/stepper.o
 .text.stepper_set_speed
                0x08000c2c       0xb4 ./Core/Src/stepper.o
                0x08000c2c                stepper_set_speed
 .text.stepper_move_speed
                0x08000ce0       0x38 ./Core/Src/stepper.o
                0x08000ce0                stepper_move_speed
 .text.stepper_stop
                0x08000d18       0x32 ./Core/Src/stepper.o
                0x08000d18                stepper_stop
 *fill*         0x08000d4a        0x2 
 .text.HAL_MspInit
                0x08000d4c       0x58 ./Core/Src/stm32f4xx_hal_msp.o
                0x08000d4c                HAL_MspInit
 .text.HAL_InitTick
                0x08000da4       0xf8 ./Core/Src/stm32f4xx_hal_timebase_tim.o
                0x08000da4                HAL_InitTick
 .text.NMI_Handler
                0x08000e9c        0xc ./Core/Src/stm32f4xx_it.o
                0x08000e9c                NMI_Handler
 .text.HardFault_Handler
                0x08000ea8        0x8 ./Core/Src/stm32f4xx_it.o
                0x08000ea8                HardFault_Handler
 .text.MemManage_Handler
                0x08000eb0        0x8 ./Core/Src/stm32f4xx_it.o
                0x08000eb0                MemManage_Handler
 .text.BusFault_Handler
                0x08000eb8        0x8 ./Core/Src/stm32f4xx_it.o
                0x08000eb8                BusFault_Handler
 .text.UsageFault_Handler
                0x08000ec0        0x8 ./Core/Src/stm32f4xx_it.o
                0x08000ec0                UsageFault_Handler
 .text.DebugMon_Handler
                0x08000ec8        0xe ./Core/Src/stm32f4xx_it.o
                0x08000ec8                DebugMon_Handler
 *fill*         0x08000ed6        0x2 
 .text.USART1_IRQHandler
                0x08000ed8       0x14 ./Core/Src/stm32f4xx_it.o
                0x08000ed8                USART1_IRQHandler
 .text.TIM6_DAC_IRQHandler
                0x08000eec       0x14 ./Core/Src/stm32f4xx_it.o
                0x08000eec                TIM6_DAC_IRQHandler
 .text.SystemInit
                0x08000f00       0x24 ./Core/Src/system_stm32f4xx.o
                0x08000f00                SystemInit
 .text.MX_TIM2_Init
                0x08000f24       0xec ./Core/Src/tim.o
                0x08000f24                MX_TIM2_Init
 .text.MX_TIM3_Init
                0x08001010       0x9c ./Core/Src/tim.o
                0x08001010                MX_TIM3_Init
 .text.MX_TIM4_Init
                0x080010ac       0x9c ./Core/Src/tim.o
                0x080010ac                MX_TIM4_Init
 .text.MX_TIM5_Init
                0x08001148       0x9c ./Core/Src/tim.o
                0x08001148                MX_TIM5_Init
 .text.MX_TIM8_Init
                0x080011e4       0xa0 ./Core/Src/tim.o
                0x080011e4                MX_TIM8_Init
 .text.HAL_TIM_Base_MspInit
                0x08001284       0xf0 ./Core/Src/tim.o
                0x08001284                HAL_TIM_Base_MspInit
 .text.HAL_TIM_MspPostInit
                0x08001374       0x70 ./Core/Src/tim.o
                0x08001374                HAL_TIM_MspPostInit
 .text.MX_USART1_UART_Init
                0x080013e4       0x54 ./Core/Src/usart.o
                0x080013e4                MX_USART1_UART_Init
 .text.HAL_UART_MspInit
                0x08001438       0xa0 ./Core/Src/usart.o
                0x08001438                HAL_UART_MspInit
 .text.Reset_Handler
                0x080014d8       0x50 ./Core/Startup/startup_stm32f407vetx.o
                0x080014d8                Reset_Handler
 .text.Default_Handler
                0x08001528        0x2 ./Core/Startup/startup_stm32f407vetx.o
                0x08001528                RTC_Alarm_IRQHandler
                0x08001528                HASH_RNG_IRQHandler
                0x08001528                EXTI2_IRQHandler
                0x08001528                TIM8_CC_IRQHandler
                0x08001528                TIM1_CC_IRQHandler
                0x08001528                DMA2_Stream5_IRQHandler
                0x08001528                DMA1_Stream5_IRQHandler
                0x08001528                PVD_IRQHandler
                0x08001528                SDIO_IRQHandler
                0x08001528                TAMP_STAMP_IRQHandler
                0x08001528                CAN2_RX1_IRQHandler
                0x08001528                EXTI3_IRQHandler
                0x08001528                TIM8_TRG_COM_TIM14_IRQHandler
                0x08001528                TIM1_UP_TIM10_IRQHandler
                0x08001528                TIM8_UP_TIM13_IRQHandler
                0x08001528                I2C3_ER_IRQHandler
                0x08001528                EXTI0_IRQHandler
                0x08001528                I2C2_EV_IRQHandler
                0x08001528                DMA1_Stream2_IRQHandler
                0x08001528                CAN1_RX0_IRQHandler
                0x08001528                FPU_IRQHandler
                0x08001528                OTG_HS_WKUP_IRQHandler
                0x08001528                CAN2_SCE_IRQHandler
                0x08001528                DMA2_Stream2_IRQHandler
                0x08001528                SPI1_IRQHandler
                0x08001528                TIM1_BRK_TIM9_IRQHandler
                0x08001528                DCMI_IRQHandler
                0x08001528                CAN2_RX0_IRQHandler
                0x08001528                DMA2_Stream3_IRQHandler
                0x08001528                USART6_IRQHandler
                0x08001528                USART3_IRQHandler
                0x08001528                CAN1_RX1_IRQHandler
                0x08001528                UART5_IRQHandler
                0x08001528                DMA2_Stream0_IRQHandler
                0x08001528                TIM4_IRQHandler
                0x08001528                I2C1_EV_IRQHandler
                0x08001528                DMA1_Stream6_IRQHandler
                0x08001528                DMA1_Stream1_IRQHandler
                0x08001528                UART4_IRQHandler
                0x08001528                TIM3_IRQHandler
                0x08001528                RCC_IRQHandler
                0x08001528                TIM8_BRK_TIM12_IRQHandler
                0x08001528                Default_Handler
                0x08001528                EXTI15_10_IRQHandler
                0x08001528                ADC_IRQHandler
                0x08001528                DMA1_Stream7_IRQHandler
                0x08001528                TIM7_IRQHandler
                0x08001528                CAN2_TX_IRQHandler
                0x08001528                TIM5_IRQHandler
                0x08001528                DMA2_Stream7_IRQHandler
                0x08001528                I2C3_EV_IRQHandler
                0x08001528                EXTI9_5_IRQHandler
                0x08001528                RTC_WKUP_IRQHandler
                0x08001528                ETH_WKUP_IRQHandler
                0x08001528                SPI2_IRQHandler
                0x08001528                OTG_HS_EP1_IN_IRQHandler
                0x08001528                DMA1_Stream0_IRQHandler
                0x08001528                CAN1_TX_IRQHandler
                0x08001528                EXTI4_IRQHandler
                0x08001528                FSMC_IRQHandler
                0x08001528                ETH_IRQHandler
                0x08001528                OTG_HS_EP1_OUT_IRQHandler
                0x08001528                WWDG_IRQHandler
                0x08001528                TIM2_IRQHandler
                0x08001528                OTG_FS_WKUP_IRQHandler
                0x08001528                TIM1_TRG_COM_TIM11_IRQHandler
                0x08001528                OTG_HS_IRQHandler
                0x08001528                EXTI1_IRQHandler
                0x08001528                USART2_IRQHandler
                0x08001528                I2C2_ER_IRQHandler
                0x08001528                DMA2_Stream1_IRQHandler
                0x08001528                CAN1_SCE_IRQHandler
                0x08001528                FLASH_IRQHandler
                0x08001528                DMA2_Stream4_IRQHandler
                0x08001528                OTG_FS_IRQHandler
                0x08001528                SPI3_IRQHandler
                0x08001528                DMA1_Stream4_IRQHandler
                0x08001528                I2C1_ER_IRQHandler
                0x08001528                DMA2_Stream6_IRQHandler
                0x08001528                DMA1_Stream3_IRQHandler
 *fill*         0x0800152a        0x2 
 .text.HAL_Init
                0x0800152c       0x44 ./Drivers/STM32F4xx_HAL_Driver/Src/stm32f4xx_hal.o
                0x0800152c                HAL_Init
 .text.HAL_IncTick
                0x08001570       0x28 ./Drivers/STM32F4xx_HAL_Driver/Src/stm32f4xx_hal.o
                0x08001570                HAL_IncTick
 .text.HAL_GetTick
                0x08001598       0x18 ./Drivers/STM32F4xx_HAL_Driver/Src/stm32f4xx_hal.o
                0x08001598                HAL_GetTick
 .text.__NVIC_SetPriorityGrouping
                0x080015b0       0x48 ./Drivers/STM32F4xx_HAL_Driver/Src/stm32f4xx_hal_cortex.o
 .text.__NVIC_GetPriorityGrouping
                0x080015f8       0x1c ./Drivers/STM32F4xx_HAL_Driver/Src/stm32f4xx_hal_cortex.o
 .text.__NVIC_EnableIRQ
                0x08001614       0x3c ./Drivers/STM32F4xx_HAL_Driver/Src/stm32f4xx_hal_cortex.o
 .text.__NVIC_SetPriority
                0x08001650       0x54 ./Drivers/STM32F4xx_HAL_Driver/Src/stm32f4xx_hal_cortex.o
 .text.NVIC_EncodePriority
                0x080016a4       0x66 ./Drivers/STM32F4xx_HAL_Driver/Src/stm32f4xx_hal_cortex.o
 .text.HAL_NVIC_SetPriorityGrouping
                0x0800170a       0x16 ./Drivers/STM32F4xx_HAL_Driver/Src/stm32f4xx_hal_cortex.o
                0x0800170a                HAL_NVIC_SetPriorityGrouping
 .text.HAL_NVIC_SetPriority
                0x08001720       0x38 ./Drivers/STM32F4xx_HAL_Driver/Src/stm32f4xx_hal_cortex.o
                0x08001720                HAL_NVIC_SetPriority
 .text.HAL_NVIC_EnableIRQ
                0x08001758       0x1c ./Drivers/STM32F4xx_HAL_Driver/Src/stm32f4xx_hal_cortex.o
                0x08001758                HAL_NVIC_EnableIRQ
 .text.HAL_DMA_Abort
                0x08001774       0xe0 ./Drivers/STM32F4xx_HAL_Driver/Src/stm32f4xx_hal_dma.o
                0x08001774                HAL_DMA_Abort
 .text.HAL_DMA_Abort_IT
                0x08001854       0x44 ./Drivers/STM32F4xx_HAL_Driver/Src/stm32f4xx_hal_dma.o
                0x08001854                HAL_DMA_Abort_IT
 .text.HAL_GPIO_Init
                0x08001898      0x338 ./Drivers/STM32F4xx_HAL_Driver/Src/stm32f4xx_hal_gpio.o
                0x08001898                HAL_GPIO_Init
 .text.HAL_GPIO_WritePin
                0x08001bd0       0x32 ./Drivers/STM32F4xx_HAL_Driver/Src/stm32f4xx_hal_gpio.o
                0x08001bd0                HAL_GPIO_WritePin
 *fill*         0x08001c02        0x2 
 .text.HAL_RCC_OscConfig
                0x08001c04      0x4f0 ./Drivers/STM32F4xx_HAL_Driver/Src/stm32f4xx_hal_rcc.o
                0x08001c04                HAL_RCC_OscConfig
 .text.HAL_RCC_ClockConfig
                0x080020f4      0x1cc ./Drivers/STM32F4xx_HAL_Driver/Src/stm32f4xx_hal_rcc.o
                0x080020f4                HAL_RCC_ClockConfig
 .text.HAL_RCC_EnableCSS
                0x080022c0       0x18 ./Drivers/STM32F4xx_HAL_Driver/Src/stm32f4xx_hal_rcc.o
                0x080022c0                HAL_RCC_EnableCSS
 .text.HAL_RCC_GetSysClockFreq
                0x080022d8      0x20c ./Drivers/STM32F4xx_HAL_Driver/Src/stm32f4xx_hal_rcc.o
                0x080022d8                HAL_RCC_GetSysClockFreq
 .text.HAL_RCC_GetHCLKFreq
                0x080024e4       0x18 ./Drivers/STM32F4xx_HAL_Driver/Src/stm32f4xx_hal_rcc.o
                0x080024e4                HAL_RCC_GetHCLKFreq
 .text.HAL_RCC_GetPCLK1Freq
                0x080024fc       0x28 ./Drivers/STM32F4xx_HAL_Driver/Src/stm32f4xx_hal_rcc.o
                0x080024fc                HAL_RCC_GetPCLK1Freq
 .text.HAL_RCC_GetPCLK2Freq
                0x08002524       0x28 ./Drivers/STM32F4xx_HAL_Driver/Src/stm32f4xx_hal_rcc.o
                0x08002524                HAL_RCC_GetPCLK2Freq
 .text.HAL_RCC_GetClockConfig
                0x0800254c       0x64 ./Drivers/STM32F4xx_HAL_Driver/Src/stm32f4xx_hal_rcc.o
                0x0800254c                HAL_RCC_GetClockConfig
 .text.HAL_RCC_NMI_IRQHandler
                0x080025b0       0x28 ./Drivers/STM32F4xx_HAL_Driver/Src/stm32f4xx_hal_rcc.o
                0x080025b0                HAL_RCC_NMI_IRQHandler
 .text.HAL_RCC_CSSCallback
                0x080025d8        0xe ./Drivers/STM32F4xx_HAL_Driver/Src/stm32f4xx_hal_rcc.o
                0x080025d8                HAL_RCC_CSSCallback
 .text.HAL_TIM_Base_Init
                0x080025e6       0x9e ./Drivers/STM32F4xx_HAL_Driver/Src/stm32f4xx_hal_tim.o
                0x080025e6                HAL_TIM_Base_Init
 .text.HAL_TIM_Base_Start_IT
                0x08002684       0xe0 ./Drivers/STM32F4xx_HAL_Driver/Src/stm32f4xx_hal_tim.o
                0x08002684                HAL_TIM_Base_Start_IT
 .text.HAL_TIM_Base_Stop_IT
                0x08002764       0x5e ./Drivers/STM32F4xx_HAL_Driver/Src/stm32f4xx_hal_tim.o
                0x08002764                HAL_TIM_Base_Stop_IT
 .text.HAL_TIM_PWM_Init
                0x080027c2       0x9e ./Drivers/STM32F4xx_HAL_Driver/Src/stm32f4xx_hal_tim.o
                0x080027c2                HAL_TIM_PWM_Init
 .text.HAL_TIM_PWM_MspInit
                0x08002860       0x14 ./Drivers/STM32F4xx_HAL_Driver/Src/stm32f4xx_hal_tim.o
                0x08002860                HAL_TIM_PWM_MspInit
 .text.HAL_TIM_PWM_Start
                0x08002874      0x190 ./Drivers/STM32F4xx_HAL_Driver/Src/stm32f4xx_hal_tim.o
                0x08002874                HAL_TIM_PWM_Start
 .text.HAL_TIM_PWM_Stop
                0x08002a04       0xe0 ./Drivers/STM32F4xx_HAL_Driver/Src/stm32f4xx_hal_tim.o
                0x08002a04                HAL_TIM_PWM_Stop
 .text.HAL_TIM_IRQHandler
                0x08002ae4      0x1e0 ./Drivers/STM32F4xx_HAL_Driver/Src/stm32f4xx_hal_tim.o
                0x08002ae4                HAL_TIM_IRQHandler
 .text.HAL_TIM_PWM_ConfigChannel
                0x08002cc4      0x184 ./Drivers/STM32F4xx_HAL_Driver/Src/stm32f4xx_hal_tim.o
                0x08002cc4                HAL_TIM_PWM_ConfigChannel
 .text.HAL_TIM_ConfigClockSource
                0x08002e48      0x18e ./Drivers/STM32F4xx_HAL_Driver/Src/stm32f4xx_hal_tim.o
                0x08002e48                HAL_TIM_ConfigClockSource
 .text.HAL_TIM_OC_DelayElapsedCallback
                0x08002fd6       0x14 ./Drivers/STM32F4xx_HAL_Driver/Src/stm32f4xx_hal_tim.o
                0x08002fd6                HAL_TIM_OC_DelayElapsedCallback
 .text.HAL_TIM_IC_CaptureCallback
                0x08002fea       0x14 ./Drivers/STM32F4xx_HAL_Driver/Src/stm32f4xx_hal_tim.o
                0x08002fea                HAL_TIM_IC_CaptureCallback
 .text.HAL_TIM_PWM_PulseFinishedCallback
                0x08002ffe       0x14 ./Drivers/STM32F4xx_HAL_Driver/Src/stm32f4xx_hal_tim.o
                0x08002ffe                HAL_TIM_PWM_PulseFinishedCallback
 .text.HAL_TIM_TriggerCallback
                0x08003012       0x14 ./Drivers/STM32F4xx_HAL_Driver/Src/stm32f4xx_hal_tim.o
                0x08003012                HAL_TIM_TriggerCallback
 *fill*         0x08003026        0x2 
 .text.TIM_Base_SetConfig
                0x08003028      0x14c ./Drivers/STM32F4xx_HAL_Driver/Src/stm32f4xx_hal_tim.o
                0x08003028                TIM_Base_SetConfig
 .text.TIM_OC1_SetConfig
                0x08003174       0xe0 ./Drivers/STM32F4xx_HAL_Driver/Src/stm32f4xx_hal_tim.o
 .text.TIM_OC2_SetConfig
                0x08003254       0xec ./Drivers/STM32F4xx_HAL_Driver/Src/stm32f4xx_hal_tim.o
                0x08003254                TIM_OC2_SetConfig
 .text.TIM_OC3_SetConfig
                0x08003340       0xe8 ./Drivers/STM32F4xx_HAL_Driver/Src/stm32f4xx_hal_tim.o
 .text.TIM_OC4_SetConfig
                0x08003428       0xac ./Drivers/STM32F4xx_HAL_Driver/Src/stm32f4xx_hal_tim.o
 .text.TIM_TI1_ConfigInputStage
                0x080034d4       0x5e ./Drivers/STM32F4xx_HAL_Driver/Src/stm32f4xx_hal_tim.o
 .text.TIM_TI2_ConfigInputStage
                0x08003532       0x60 ./Drivers/STM32F4xx_HAL_Driver/Src/stm32f4xx_hal_tim.o
 .text.TIM_ITRx_SetConfig
                0x08003592       0x36 ./Drivers/STM32F4xx_HAL_Driver/Src/stm32f4xx_hal_tim.o
 .text.TIM_ETR_SetConfig
                0x080035c8       0x40 ./Drivers/STM32F4xx_HAL_Driver/Src/stm32f4xx_hal_tim.o
                0x080035c8                TIM_ETR_SetConfig
 .text.TIM_CCxChannelCmd
                0x08003608       0x4a ./Drivers/STM32F4xx_HAL_Driver/Src/stm32f4xx_hal_tim.o
                0x08003608                TIM_CCxChannelCmd
 *fill*         0x08003652        0x2 
 .text.HAL_TIMEx_MasterConfigSynchronization
                0x08003654       0xf8 ./Drivers/STM32F4xx_HAL_Driver/Src/stm32f4xx_hal_tim_ex.o
                0x08003654                HAL_TIMEx_MasterConfigSynchronization
 .text.HAL_TIMEx_CommutCallback
                0x0800374c       0x14 ./Drivers/STM32F4xx_HAL_Driver/Src/stm32f4xx_hal_tim_ex.o
                0x0800374c                HAL_TIMEx_CommutCallback
 .text.HAL_TIMEx_BreakCallback
                0x08003760       0x14 ./Drivers/STM32F4xx_HAL_Driver/Src/stm32f4xx_hal_tim_ex.o
                0x08003760                HAL_TIMEx_BreakCallback
 .text.HAL_UART_Init
                0x08003774       0xa0 ./Drivers/STM32F4xx_HAL_Driver/Src/stm32f4xx_hal_uart.o
                0x08003774                HAL_UART_Init
 .text.HAL_UART_Receive_IT
                0x08003814       0x4a ./Drivers/STM32F4xx_HAL_Driver/Src/stm32f4xx_hal_uart.o
                0x08003814                HAL_UART_Receive_IT
 *fill*         0x0800385e        0x2 
 .text.HAL_UART_IRQHandler
                0x08003860      0x554 ./Drivers/STM32F4xx_HAL_Driver/Src/stm32f4xx_hal_uart.o
                0x08003860                HAL_UART_IRQHandler
 .text.HAL_UART_TxCpltCallback
                0x08003db4       0x14 ./Drivers/STM32F4xx_HAL_Driver/Src/stm32f4xx_hal_uart.o
                0x08003db4                HAL_UART_TxCpltCallback
 .text.HAL_UART_ErrorCallback
                0x08003dc8       0x14 ./Drivers/STM32F4xx_HAL_Driver/Src/stm32f4xx_hal_uart.o
                0x08003dc8                HAL_UART_ErrorCallback
 .text.HAL_UARTEx_RxEventCallback
                0x08003ddc       0x18 ./Drivers/STM32F4xx_HAL_Driver/Src/stm32f4xx_hal_uart.o
                0x08003ddc                HAL_UARTEx_RxEventCallback
 .text.UART_Start_Receive_IT
                0x08003df4       0x74 ./Drivers/STM32F4xx_HAL_Driver/Src/stm32f4xx_hal_uart.o
                0x08003df4                UART_Start_Receive_IT
 .text.UART_EndRxTransfer
                0x08003e68       0xc6 ./Drivers/STM32F4xx_HAL_Driver/Src/stm32f4xx_hal_uart.o
 .text.UART_DMAAbortOnError
                0x08003f2e       0x22 ./Drivers/STM32F4xx_HAL_Driver/Src/stm32f4xx_hal_uart.o
 .text.UART_Transmit_IT
                0x08003f50       0xa0 ./Drivers/STM32F4xx_HAL_Driver/Src/stm32f4xx_hal_uart.o
 .text.UART_EndTransmit_IT
                0x08003ff0       0x30 ./Drivers/STM32F4xx_HAL_Driver/Src/stm32f4xx_hal_uart.o
 .text.UART_Receive_IT
                0x08004020      0x17c ./Drivers/STM32F4xx_HAL_Driver/Src/stm32f4xx_hal_uart.o
 .text.UART_SetConfig
                0x0800419c      0x4e8 ./Drivers/STM32F4xx_HAL_Driver/Src/stm32f4xx_hal_uart.o
 .text.__NVIC_SetPriority
                0x08004684       0x54 ./Middlewares/Third_Party/FreeRTOS/Source/CMSIS_RTOS_V2/cmsis_os2.o
 .text.SysTick_Handler
                0x080046d8       0x20 ./Middlewares/Third_Party/FreeRTOS/Source/CMSIS_RTOS_V2/cmsis_os2.o
                0x080046d8                SysTick_Handler
 .text.SVC_Setup
                0x080046f8       0x12 ./Middlewares/Third_Party/FreeRTOS/Source/CMSIS_RTOS_V2/cmsis_os2.o
 *fill*         0x0800470a        0x2 
 .text.osKernelInitialize
                0x0800470c       0x48 ./Middlewares/Third_Party/FreeRTOS/Source/CMSIS_RTOS_V2/cmsis_os2.o
                0x0800470c                osKernelInitialize
 .text.osKernelStart
                0x08004754       0x4c ./Middlewares/Third_Party/FreeRTOS/Source/CMSIS_RTOS_V2/cmsis_os2.o
                0x08004754                osKernelStart
 .text.osThreadNew
                0x080047a0      0x124 ./Middlewares/Third_Party/FreeRTOS/Source/CMSIS_RTOS_V2/cmsis_os2.o
                0x080047a0                osThreadNew
 .text.osDelay  0x080048c4       0x36 ./Middlewares/Third_Party/FreeRTOS/Source/CMSIS_RTOS_V2/cmsis_os2.o
                0x080048c4                osDelay
 .text.osMessageQueueNew
                0x080048fa       0xe6 ./Middlewares/Third_Party/FreeRTOS/Source/CMSIS_RTOS_V2/cmsis_os2.o
                0x080048fa                osMessageQueueNew
 .text.osMessageQueuePut
                0x080049e0       0xc0 ./Middlewares/Third_Party/FreeRTOS/Source/CMSIS_RTOS_V2/cmsis_os2.o
                0x080049e0                osMessageQueuePut
 .text.osMessageQueueGet
                0x08004aa0       0xbc ./Middlewares/Third_Party/FreeRTOS/Source/CMSIS_RTOS_V2/cmsis_os2.o
                0x08004aa0                osMessageQueueGet
 .text.vApplicationGetIdleTaskMemory
                0x08004b5c       0x34 ./Middlewares/Third_Party/FreeRTOS/Source/CMSIS_RTOS_V2/cmsis_os2.o
                0x08004b5c                vApplicationGetIdleTaskMemory
 .text.vApplicationGetTimerTaskMemory
                0x08004b90       0x34 ./Middlewares/Third_Party/FreeRTOS/Source/CMSIS_RTOS_V2/cmsis_os2.o
                0x08004b90                vApplicationGetTimerTaskMemory
 .text.vListInitialise
                0x08004bc4       0x40 ./Middlewares/Third_Party/FreeRTOS/Source/list.o
                0x08004bc4                vListInitialise
 .text.vListInitialiseItem
                0x08004c04       0x1a ./Middlewares/Third_Party/FreeRTOS/Source/list.o
                0x08004c04                vListInitialiseItem
 .text.vListInsertEnd
                0x08004c1e       0x48 ./Middlewares/Third_Party/FreeRTOS/Source/list.o
                0x08004c1e                vListInsertEnd
 .text.vListInsert
                0x08004c66       0x72 ./Middlewares/Third_Party/FreeRTOS/Source/list.o
                0x08004c66                vListInsert
 .text.uxListRemove
                0x08004cd8       0x54 ./Middlewares/Third_Party/FreeRTOS/Source/list.o
                0x08004cd8                uxListRemove
 .text.xQueueGenericReset
                0x08004d2c       0xd4 ./Middlewares/Third_Party/FreeRTOS/Source/queue.o
                0x08004d2c                xQueueGenericReset
 .text.xQueueGenericCreateStatic
                0x08004e00       0xfa ./Middlewares/Third_Party/FreeRTOS/Source/queue.o
                0x08004e00                xQueueGenericCreateStatic
 .text.xQueueGenericCreate
                0x08004efa       0x76 ./Middlewares/Third_Party/FreeRTOS/Source/queue.o
                0x08004efa                xQueueGenericCreate
 .text.prvInitialiseNewQueue
                0x08004f70       0x46 ./Middlewares/Third_Party/FreeRTOS/Source/queue.o
 *fill*         0x08004fb6        0x2 
 .text.xQueueGenericSend
                0x08004fb8      0x204 ./Middlewares/Third_Party/FreeRTOS/Source/queue.o
                0x08004fb8                xQueueGenericSend
 .text.xQueueGenericSendFromISR
                0x080051bc      0x13c ./Middlewares/Third_Party/FreeRTOS/Source/queue.o
                0x080051bc                xQueueGenericSendFromISR
 .text.xQueueReceive
                0x080052f8      0x1c4 ./Middlewares/Third_Party/FreeRTOS/Source/queue.o
                0x080052f8                xQueueReceive
 .text.xQueueReceiveFromISR
                0x080054bc      0x104 ./Middlewares/Third_Party/FreeRTOS/Source/queue.o
                0x080054bc                xQueueReceiveFromISR
 .text.prvCopyDataToQueue
                0x080055c0       0xd4 ./Middlewares/Third_Party/FreeRTOS/Source/queue.o
 .text.prvCopyDataFromQueue
                0x08005694       0x4c ./Middlewares/Third_Party/FreeRTOS/Source/queue.o
 .text.prvUnlockQueue
                0x080056e0       0xa4 ./Middlewares/Third_Party/FreeRTOS/Source/queue.o
 .text.prvIsQueueEmpty
                0x08005784       0x2c ./Middlewares/Third_Party/FreeRTOS/Source/queue.o
 .text.prvIsQueueFull
                0x080057b0       0x30 ./Middlewares/Third_Party/FreeRTOS/Source/queue.o
 .text.vQueueAddToRegistry
                0x080057e0       0x54 ./Middlewares/Third_Party/FreeRTOS/Source/queue.o
                0x080057e0                vQueueAddToRegistry
 .text.vQueueWaitForMessageRestricted
                0x08005834       0x68 ./Middlewares/Third_Party/FreeRTOS/Source/queue.o
                0x08005834                vQueueWaitForMessageRestricted
 .text.xTaskCreateStatic
                0x0800589c       0xc0 ./Middlewares/Third_Party/FreeRTOS/Source/tasks.o
                0x0800589c                xTaskCreateStatic
 .text.xTaskCreate
                0x0800595c       0x8a ./Middlewares/Third_Party/FreeRTOS/Source/tasks.o
                0x0800595c                xTaskCreate
 *fill*         0x080059e6        0x2 
 .text.prvInitialiseNewTask
                0x080059e8      0x150 ./Middlewares/Third_Party/FreeRTOS/Source/tasks.o
 .text.prvAddNewTaskToReadyList
                0x08005b38       0xe0 ./Middlewares/Third_Party/FreeRTOS/Source/tasks.o
 .text.vTaskDelay
                0x08005c18       0x6c ./Middlewares/Third_Party/FreeRTOS/Source/tasks.o
                0x08005c18                vTaskDelay
 .text.vTaskStartScheduler
                0x08005c84       0xe0 ./Middlewares/Third_Party/FreeRTOS/Source/tasks.o
                0x08005c84                vTaskStartScheduler
 .text.vTaskSuspendAll
                0x08005d64       0x1c ./Middlewares/Third_Party/FreeRTOS/Source/tasks.o
                0x08005d64                vTaskSuspendAll
 .text.xTaskResumeAll
                0x08005d80      0x13c ./Middlewares/Third_Party/FreeRTOS/Source/tasks.o
                0x08005d80                xTaskResumeAll
 .text.xTaskGetTickCount
                0x08005ebc       0x20 ./Middlewares/Third_Party/FreeRTOS/Source/tasks.o
                0x08005ebc                xTaskGetTickCount
 .text.xTaskIncrementTick
                0x08005edc      0x174 ./Middlewares/Third_Party/FreeRTOS/Source/tasks.o
                0x08005edc                xTaskIncrementTick
 .text.vTaskSwitchContext
                0x08006050       0xcc ./Middlewares/Third_Party/FreeRTOS/Source/tasks.o
                0x08006050                vTaskSwitchContext
 .text.vTaskPlaceOnEventList
                0x0800611c       0x4c ./Middlewares/Third_Party/FreeRTOS/Source/tasks.o
                0x0800611c                vTaskPlaceOnEventList
 .text.vTaskPlaceOnEventListRestricted
                0x08006168       0x58 ./Middlewares/Third_Party/FreeRTOS/Source/tasks.o
                0x08006168                vTaskPlaceOnEventListRestricted
 .text.xTaskRemoveFromEventList
                0x080061c0       0xc8 ./Middlewares/Third_Party/FreeRTOS/Source/tasks.o
                0x080061c0                xTaskRemoveFromEventList
 .text.vTaskInternalSetTimeOutState
                0x08006288       0x2c ./Middlewares/Third_Party/FreeRTOS/Source/tasks.o
                0x08006288                vTaskInternalSetTimeOutState
 .text.xTaskCheckForTimeOut
                0x080062b4       0xc8 ./Middlewares/Third_Party/FreeRTOS/Source/tasks.o
                0x080062b4                xTaskCheckForTimeOut
 .text.vTaskMissedYield
                0x0800637c       0x18 ./Middlewares/Third_Party/FreeRTOS/Source/tasks.o
                0x0800637c                vTaskMissedYield
 .text.prvIdleTask
                0x08006394       0x30 ./Middlewares/Third_Party/FreeRTOS/Source/tasks.o
 .text.prvInitialiseTaskLists
                0x080063c4       0x80 ./Middlewares/Third_Party/FreeRTOS/Source/tasks.o
 .text.prvCheckTasksWaitingTermination
                0x08006444       0x5c ./Middlewares/Third_Party/FreeRTOS/Source/tasks.o
 .text.prvDeleteTCB
                0x080064a0       0x6a ./Middlewares/Third_Party/FreeRTOS/Source/tasks.o
 *fill*         0x0800650a        0x2 
 .text.prvResetNextTaskUnblockTime
                0x0800650c       0x40 ./Middlewares/Third_Party/FreeRTOS/Source/tasks.o
 .text.xTaskGetSchedulerState
                0x0800654c       0x3c ./Middlewares/Third_Party/FreeRTOS/Source/tasks.o
                0x0800654c                xTaskGetSchedulerState
 .text.xTaskPriorityDisinherit
                0x08006588       0xe0 ./Middlewares/Third_Party/FreeRTOS/Source/tasks.o
                0x08006588                xTaskPriorityDisinherit
 .text.prvAddCurrentTaskToDelayedList
                0x08006668       0xa8 ./Middlewares/Third_Party/FreeRTOS/Source/tasks.o
 .text.xTimerCreateTimerTask
                0x08006710       0x94 ./Middlewares/Third_Party/FreeRTOS/Source/timers.o
                0x08006710                xTimerCreateTimerTask
 .text.xTimerGenericCommand
                0x080067a4       0x9c ./Middlewares/Third_Party/FreeRTOS/Source/timers.o
                0x080067a4                xTimerGenericCommand
 .text.prvProcessExpiredTimer
                0x08006840       0x9c ./Middlewares/Third_Party/FreeRTOS/Source/timers.o
 .text.prvTimerTask
                0x080068dc       0x26 ./Middlewares/Third_Party/FreeRTOS/Source/timers.o
 *fill*         0x08006902        0x2 
 .text.prvProcessTimerOrBlockTask
                0x08006904       0x9c ./Middlewares/Third_Party/FreeRTOS/Source/timers.o
 .text.prvGetNextExpireTime
                0x080069a0       0x48 ./Middlewares/Third_Party/FreeRTOS/Source/timers.o
 .text.prvSampleTimeNow
                0x080069e8       0x40 ./Middlewares/Third_Party/FreeRTOS/Source/timers.o
 .text.prvInsertTimerInActiveList
                0x08006a28       0x84 ./Middlewares/Third_Party/FreeRTOS/Source/timers.o
 .text.prvProcessReceivedCommands
                0x08006aac      0x1cc ./Middlewares/Third_Party/FreeRTOS/Source/timers.o
 .text.prvSwitchTimerLists
                0x08006c78       0xcc ./Middlewares/Third_Party/FreeRTOS/Source/timers.o
 .text.prvCheckForValidListAndQueue
                0x08006d44       0x80 ./Middlewares/Third_Party/FreeRTOS/Source/timers.o
 .text.pxPortInitialiseStack
                0x08006dc4       0x68 ./Middlewares/Third_Party/FreeRTOS/Source/portable/GCC/ARM_CM4F/port.o
                0x08006dc4                pxPortInitialiseStack
 .text.prvTaskExitError
                0x08006e2c       0x5c ./Middlewares/Third_Party/FreeRTOS/Source/portable/GCC/ARM_CM4F/port.o
 *fill*         0x08006e88        0x8 
 .text.SVC_Handler
                0x08006e90       0x28 ./Middlewares/Third_Party/FreeRTOS/Source/portable/GCC/ARM_CM4F/port.o
                0x08006e90                SVC_Handler
 .text.prvPortStartFirstTask
                0x08006eb8       0x28 ./Middlewares/Third_Party/FreeRTOS/Source/portable/GCC/ARM_CM4F/port.o
 .text.xPortStartScheduler
                0x08006ee0      0x148 ./Middlewares/Third_Party/FreeRTOS/Source/portable/GCC/ARM_CM4F/port.o
                0x08006ee0                xPortStartScheduler
 .text.vPortEnterCritical
                0x08007028       0x64 ./Middlewares/Third_Party/FreeRTOS/Source/portable/GCC/ARM_CM4F/port.o
                0x08007028                vPortEnterCritical
 .text.vPortExitCritical
                0x0800708c       0x54 ./Middlewares/Third_Party/FreeRTOS/Source/portable/GCC/ARM_CM4F/port.o
                0x0800708c                vPortExitCritical
 .text.PendSV_Handler
                0x080070e0       0x68 ./Middlewares/Third_Party/FreeRTOS/Source/portable/GCC/ARM_CM4F/port.o
                0x080070e0                PendSV_Handler
 .text.xPortSysTickHandler
                0x08007148       0x44 ./Middlewares/Third_Party/FreeRTOS/Source/portable/GCC/ARM_CM4F/port.o
                0x08007148                xPortSysTickHandler
 .text.vPortSetupTimerInterrupt
                0x0800718c       0x48 ./Middlewares/Third_Party/FreeRTOS/Source/portable/GCC/ARM_CM4F/port.o
                0x0800718c                vPortSetupTimerInterrupt
 .text.vPortEnableVFP
                0x080071d4       0x14 ./Middlewares/Third_Party/FreeRTOS/Source/portable/GCC/ARM_CM4F/port.o
 .text.vPortValidateInterruptPriority
                0x080071e8       0x84 ./Middlewares/Third_Party/FreeRTOS/Source/portable/GCC/ARM_CM4F/port.o
                0x080071e8                vPortValidateInterruptPriority
 .text.pvPortMalloc
                0x0800726c      0x19c ./Middlewares/Third_Party/FreeRTOS/Source/portable/MemMang/heap_4.o
                0x0800726c                pvPortMalloc
 .text.vPortFree
                0x08007408       0xc8 ./Middlewares/Third_Party/FreeRTOS/Source/portable/MemMang/heap_4.o
                0x08007408                vPortFree
 .text.prvHeapInit
                0x080074d0       0xc4 ./Middlewares/Third_Party/FreeRTOS/Source/portable/MemMang/heap_4.o
 .text.prvInsertBlockIntoFreeList
                0x08007594       0xb4 ./Middlewares/Third_Party/FreeRTOS/Source/portable/MemMang/heap_4.o
 .text.memset   0x08007648       0x10 C:/ST/STM32CubeIDE_2.2.0/STM32CubeIDE/plugins/com.st.stm32cube.ide.mcu.externaltools.gnu-tools-for-stm32.14.3.rel1.win32_1.0.100.202602081740/tools/bin/../lib/gcc/arm-none-eabi/14.3.1/../../../../arm-none-eabi/lib/thumb/v7e-m+fp/hard\libc_nano.a(libc_a-memset.o)
                0x08007648                memset
 .text._reclaim_reent
                0x08007658       0xbc C:/ST/STM32CubeIDE_2.2.0/STM32CubeIDE/plugins/com.st.stm32cube.ide.mcu.externaltools.gnu-tools-for-stm32.14.3.rel1.win32_1.0.100.202602081740/tools/bin/../lib/gcc/arm-none-eabi/14.3.1/../../../../arm-none-eabi/lib/thumb/v7e-m+fp/hard\libc_nano.a(libc_a-reent.o)
                0x08007658                _reclaim_reent
 .text.__libc_init_array
                0x08007714       0x48 C:/ST/STM32CubeIDE_2.2.0/STM32CubeIDE/plugins/com.st.stm32cube.ide.mcu.externaltools.gnu-tools-for-stm32.14.3.rel1.win32_1.0.100.202602081740/tools/bin/../lib/gcc/arm-none-eabi/14.3.1/../../../../arm-none-eabi/lib/thumb/v7e-m+fp/hard\libc_nano.a(libc_a-init.o)
                0x08007714                __libc_init_array
 .text.__retarget_lock_acquire_recursive
                0x0800775c        0x2 C:/ST/STM32CubeIDE_2.2.0/STM32CubeIDE/plugins/com.st.stm32cube.ide.mcu.externaltools.gnu-tools-for-stm32.14.3.rel1.win32_1.0.100.202602081740/tools/bin/../lib/gcc/arm-none-eabi/14.3.1/../../../../arm-none-eabi/lib/thumb/v7e-m+fp/hard\libc_nano.a(libc_a-lock.o)
                0x0800775c                __retarget_lock_acquire_recursive
 .text.__retarget_lock_release_recursive
                0x0800775e        0x2 C:/ST/STM32CubeIDE_2.2.0/STM32CubeIDE/plugins/com.st.stm32cube.ide.mcu.externaltools.gnu-tools-for-stm32.14.3.rel1.win32_1.0.100.202602081740/tools/bin/../lib/gcc/arm-none-eabi/14.3.1/../../../../arm-none-eabi/lib/thumb/v7e-m+fp/hard\libc_nano.a(libc_a-lock.o)
                0x0800775e                __retarget_lock_release_recursive
 .text.memcpy   0x08007760       0x1c C:/ST/STM32CubeIDE_2.2.0/STM32CubeIDE/plugins/com.st.stm32cube.ide.mcu.externaltools.gnu-tools-for-stm32.14.3.rel1.win32_1.0.100.202602081740/tools/bin/../lib/gcc/arm-none-eabi/14.3.1/../../../../arm-none-eabi/lib/thumb/v7e-m+fp/hard\libc_nano.a(libc_a-memcpy-stub.o)
                0x08007760                memcpy
 .text._free_r  0x0800777c       0x94 C:/ST/STM32CubeIDE_2.2.0/STM32CubeIDE/plugins/com.st.stm32cube.ide.mcu.externaltools.gnu-tools-for-stm32.14.3.rel1.win32_1.0.100.202602081740/tools/bin/../lib/gcc/arm-none-eabi/14.3.1/../../../../arm-none-eabi/lib/thumb/v7e-m+fp/hard\libc_nano.a(libc_a-freer.o)
                0x0800777c                _free_r
 .text.__malloc_lock
                0x08007810        0xc C:/ST/STM32CubeIDE_2.2.0/STM32CubeIDE/plugins/com.st.stm32cube.ide.mcu.externaltools.gnu-tools-for-stm32.14.3.rel1.win32_1.0.100.202602081740/tools/bin/../lib/gcc/arm-none-eabi/14.3.1/../../../../arm-none-eabi/lib/thumb/v7e-m+fp/hard\libc_nano.a(libc_a-mlock.o)
                0x08007810                __malloc_lock
 .text.__malloc_unlock
                0x0800781c        0xc C:/ST/STM32CubeIDE_2.2.0/STM32CubeIDE/plugins/com.st.stm32cube.ide.mcu.externaltools.gnu-tools-for-stm32.14.3.rel1.win32_1.0.100.202602081740/tools/bin/../lib/gcc/arm-none-eabi/14.3.1/../../../../arm-none-eabi/lib/thumb/v7e-m+fp/hard\libc_nano.a(libc_a-mlock.o)
                0x0800781c                __malloc_unlock
 *(.glue_7)
 .glue_7        0x08007828        0x0 linker stubs
 *(.glue_7t)
 .glue_7t       0x08007828        0x0 linker stubs
 *(.eh_frame)
 .eh_frame      0x08007828        0x0 C:/ST/STM32CubeIDE_2.2.0/STM32CubeIDE/plugins/com.st.stm32cube.ide.mcu.externaltools.gnu-tools-for-stm32.14.3.rel1.win32_1.0.100.202602081740/tools/bin/../lib/gcc/arm-none-eabi/14.3.1/thumb/v7e-m+fp/hard/crtbegin.o
 *(.init)
 .init          0x08007828        0x4 C:/ST/STM32CubeIDE_2.2.0/STM32CubeIDE/plugins/com.st.stm32cube.ide.mcu.externaltools.gnu-tools-for-stm32.14.3.rel1.win32_1.0.100.202602081740/tools/bin/../lib/gcc/arm-none-eabi/14.3.1/thumb/v7e-m+fp/hard/crti.o
                0x08007828                _init
 .init          0x0800782c        0x8 C:/ST/STM32CubeIDE_2.2.0/STM32CubeIDE/plugins/com.st.stm32cube.ide.mcu.externaltools.gnu-tools-for-stm32.14.3.rel1.win32_1.0.100.202602081740/tools/bin/../lib/gcc/arm-none-eabi/14.3.1/thumb/v7e-m+fp/hard/crtn.o
 *(.fini)
 .fini          0x08007834        0x4 C:/ST/STM32CubeIDE_2.2.0/STM32CubeIDE/plugins/com.st.stm32cube.ide.mcu.externaltools.gnu-tools-for-stm32.14.3.rel1.win32_1.0.100.202602081740/tools/bin/../lib/gcc/arm-none-eabi/14.3.1/thumb/v7e-m+fp/hard/crti.o
                0x08007834                _fini
 .fini          0x08007838        0x8 C:/ST/STM32CubeIDE_2.2.0/STM32CubeIDE/plugins/com.st.stm32cube.ide.mcu.externaltools.gnu-tools-for-stm32.14.3.rel1.win32_1.0.100.202602081740/tools/bin/../lib/gcc/arm-none-eabi/14.3.1/thumb/v7e-m+fp/hard/crtn.o
                0x08007840                        . = ALIGN (0x4)
                0x08007840                        _etext = .

.vfp11_veneer   0x08007840        0x0
 .vfp11_veneer  0x08007840        0x0 linker stubs

.v4_bx          0x08007840        0x0
 .v4_bx         0x08007840        0x0 linker stubs

.iplt           0x08007840        0x0
 .iplt          0x08007840        0x0 C:/ST/STM32CubeIDE_2.2.0/STM32CubeIDE/plugins/com.st.stm32cube.ide.mcu.externaltools.gnu-tools-for-stm32.14.3.rel1.win32_1.0.100.202602081740/tools/bin/../lib/gcc/arm-none-eabi/14.3.1/thumb/v7e-m+fp/hard/crtbegin.o

.rodata         0x08007840       0xc4
                0x08007840                        . = ALIGN (0x4)
 *(.rodata)
 .rodata        0x08007840       0x28 ./Core/Src/freertos.o
 .rodata        0x08007868        0x5 ./Middlewares/Third_Party/FreeRTOS/Source/tasks.o
 *fill*         0x0800786d        0x3 
 .rodata        0x08007870        0xd ./Middlewares/Third_Party/FreeRTOS/Source/timers.o
 *(.rodata*)
 *fill*         0x0800787d        0x3 
 .rodata.parseTask_attributes
                0x08007880       0x24 ./Core/Src/freertos.o
                0x08007880                parseTask_attributes
 .rodata.setTimerTask_attributes
                0x080078a4       0x24 ./Core/Src/freertos.o
                0x080078a4                setTimerTask_attributes
 .rodata.defaultTask_attributes
                0x080078c8       0x24 ./Core/Src/freertos.o
                0x080078c8                defaultTask_attributes
 .rodata.AHBPrescTable
                0x080078ec       0x10 ./Core/Src/system_stm32f4xx.o
                0x080078ec                AHBPrescTable
 .rodata.APBPrescTable
                0x080078fc        0x8 ./Core/Src/system_stm32f4xx.o
                0x080078fc                APBPrescTable
                0x08007904                        . = ALIGN (0x4)

.ARM.extab      0x08007904        0x0
                0x08007904                        . = ALIGN (0x4)
 *(.ARM.extab* .gnu.linkonce.armextab.*)
                0x08007904                        . = ALIGN (0x4)

.ARM            0x08007904        0x8
                0x08007904                        . = ALIGN (0x4)
                0x08007904                        __exidx_start = .
 *(.ARM.exidx*)
 .ARM.exidx     0x08007904        0x8 C:/ST/STM32CubeIDE_2.2.0/STM32CubeIDE/plugins/com.st.stm32cube.ide.mcu.externaltools.gnu-tools-for-stm32.14.3.rel1.win32_1.0.100.202602081740/tools/bin/../lib/gcc/arm-none-eabi/14.3.1/thumb/v7e-m+fp/hard\libgcc.a(_udivmoddi4.o)
                0x0800790c                        __exidx_end = .
                0x0800790c                        . = ALIGN (0x4)

.preinit_array  0x0800790c        0x0
                0x0800790c                        . = ALIGN (0x4)
                0x0800790c                        PROVIDE (__preinit_array_start = .)
 *(.preinit_array*)
                0x0800790c                        PROVIDE (__preinit_array_end = .)
                0x0800790c                        . = ALIGN (0x4)

.init_array     0x0800790c        0x4
                0x0800790c                        . = ALIGN (0x4)
                0x0800790c                        PROVIDE (__init_array_start = .)
 *(SORT_BY_NAME(.init_array.*))
 *(.init_array*)
 .init_array    0x0800790c        0x4 C:/ST/STM32CubeIDE_2.2.0/STM32CubeIDE/plugins/com.st.stm32cube.ide.mcu.externaltools.gnu-tools-for-stm32.14.3.rel1.win32_1.0.100.202602081740/tools/bin/../lib/gcc/arm-none-eabi/14.3.1/thumb/v7e-m+fp/hard/crtbegin.o
                0x08007910                        PROVIDE (__init_array_end = .)
                0x08007910                        . = ALIGN (0x4)

.fini_array     0x08007910        0x4
                0x08007910                        . = ALIGN (0x4)
                [!provide]                        PROVIDE (__fini_array_start = .)
 *(SORT_BY_NAME(.fini_array.*))
 *(.fini_array*)
 .fini_array    0x08007910        0x4 C:/ST/STM32CubeIDE_2.2.0/STM32CubeIDE/plugins/com.st.stm32cube.ide.mcu.externaltools.gnu-tools-for-stm32.14.3.rel1.win32_1.0.100.202602081740/tools/bin/../lib/gcc/arm-none-eabi/14.3.1/thumb/v7e-m+fp/hard/crtbegin.o
                [!provide]                        PROVIDE (__fini_array_end = .)
                0x08007914                        . = ALIGN (0x4)
                0x08007914                        _sidata = LOADADDR (.data)

.rel.dyn        0x08007914        0x0
 .rel.iplt      0x08007914        0x0 C:/ST/STM32CubeIDE_2.2.0/STM32CubeIDE/plugins/com.st.stm32cube.ide.mcu.externaltools.gnu-tools-for-stm32.14.3.rel1.win32_1.0.100.202602081740/tools/bin/../lib/gcc/arm-none-eabi/14.3.1/thumb/v7e-m+fp/hard/crtbegin.o

.data           0x20000000       0x60 load address 0x08007914
                0x20000000                        . = ALIGN (0x4)
                0x20000000                        _sdata = .
 *(.data)
 *(.data*)
 .data.SystemCoreClock
                0x20000000        0x4 ./Core/Src/system_stm32f4xx.o
                0x20000000                SystemCoreClock
 .data.uwTickPrio
                0x20000004        0x4 ./Drivers/STM32F4xx_HAL_Driver/Src/stm32f4xx_hal.o
                0x20000004                uwTickPrio
 .data.uwTickFreq
                0x20000008        0x1 ./Drivers/STM32F4xx_HAL_Driver/Src/stm32f4xx_hal.o
                0x20000008                uwTickFreq
 *fill*         0x20000009        0x3 
 .data.uxCriticalNesting
                0x2000000c        0x4 ./Middlewares/Third_Party/FreeRTOS/Source/portable/GCC/ARM_CM4F/port.o
 .data._impure_ptr
                0x20000010        0x4 C:/ST/STM32CubeIDE_2.2.0/STM32CubeIDE/plugins/com.st.stm32cube.ide.mcu.externaltools.gnu-tools-for-stm32.14.3.rel1.win32_1.0.100.202602081740/tools/bin/../lib/gcc/arm-none-eabi/14.3.1/../../../../arm-none-eabi/lib/thumb/v7e-m+fp/hard\libc_nano.a(libc_a-impure.o)
                0x20000010                _impure_ptr
 .data._impure_data
                0x20000014       0x4c C:/ST/STM32CubeIDE_2.2.0/STM32CubeIDE/plugins/com.st.stm32cube.ide.mcu.externaltools.gnu-tools-for-stm32.14.3.rel1.win32_1.0.100.202602081740/tools/bin/../lib/gcc/arm-none-eabi/14.3.1/../../../../arm-none-eabi/lib/thumb/v7e-m+fp/hard\libc_nano.a(libc_a-impure.o)
                0x20000014                _impure_data
 *(.RamFunc)
 *(.RamFunc*)
                0x20000060                        . = ALIGN (0x4)
                0x20000060                        _edata = .
                0x08007974                        _siccmram = LOADADDR (.ccmram)

.igot.plt       0x20000060        0x0 load address 0x08007974
 .igot.plt      0x20000060        0x0 C:/ST/STM32CubeIDE_2.2.0/STM32CubeIDE/plugins/com.st.stm32cube.ide.mcu.externaltools.gnu-tools-for-stm32.14.3.rel1.win32_1.0.100.202602081740/tools/bin/../lib/gcc/arm-none-eabi/14.3.1/thumb/v7e-m+fp/hard/crtbegin.o

.ccmram         0x10000000        0x0 load address 0x08007974
                0x10000000                        . = ALIGN (0x4)
                0x10000000                        _sccmram = .
 *(.ccmram)
 *(.ccmram*)
                0x10000000                        . = ALIGN (0x4)
                0x10000000                        _eccmram = .
                0x10000000                        . = ALIGN (0x4)

.bss            0x20000060     0x4dd4
                0x20000060                        _sbss = .
                0x20000060                        __bss_start__ = _sbss
 *(.bss)
 .bss           0x20000060       0x1c C:/ST/STM32CubeIDE_2.2.0/STM32CubeIDE/plugins/com.st.stm32cube.ide.mcu.externaltools.gnu-tools-for-stm32.14.3.rel1.win32_1.0.100.202602081740/tools/bin/../lib/gcc/arm-none-eabi/14.3.1/thumb/v7e-m+fp/hard/crtbegin.o
 *(.bss*)
 .bss.my_stepper0
                0x2000007c       0x14 ./Core/Src/freertos.o
                0x2000007c                my_stepper0
 .bss.my_stepper1
                0x20000090       0x14 ./Core/Src/freertos.o
                0x20000090                my_stepper1
 .bss.my_stepper2
                0x200000a4       0x14 ./Core/Src/freertos.o
                0x200000a4                my_stepper2
 .bss.my_stepper3
                0x200000b8       0x14 ./Core/Src/freertos.o
                0x200000b8                my_stepper3
 .bss.my_stepper4
                0x200000cc       0x14 ./Core/Src/freertos.o
                0x200000cc                my_stepper4
 .bss.messageQueueHandle
                0x200000e0        0x4 ./Core/Src/freertos.o
                0x200000e0                messageQueueHandle
 .bss.commandQueueHandle
                0x200000e4        0x4 ./Core/Src/freertos.o
                0x200000e4                commandQueueHandle
 .bss.parsingID
                0x200000e8        0x4 ./Core/Src/freertos.o
                0x200000e8                parsingID
 .bss.settingID
                0x200000ec        0x4 ./Core/Src/freertos.o
                0x200000ec                settingID
 .bss.defaultTaskHandle
                0x200000f0        0x4 ./Core/Src/freertos.o
                0x200000f0                defaultTaskHandle
 .bss.rx_buffer
                0x200000f4       0x1c ./Core/Src/main.o
                0x200000f4                rx_buffer
 .bss.htim6     0x20000110       0x48 ./Core/Src/stm32f4xx_hal_timebase_tim.o
                0x20000110                htim6
 .bss.htim2     0x20000158       0x48 ./Core/Src/tim.o
                0x20000158                htim2
 .bss.htim3     0x200001a0       0x48 ./Core/Src/tim.o
                0x200001a0                htim3
 .bss.htim4     0x200001e8       0x48 ./Core/Src/tim.o
                0x200001e8                htim4
 .bss.htim5     0x20000230       0x48 ./Core/Src/tim.o
                0x20000230                htim5
 .bss.htim8     0x20000278       0x48 ./Core/Src/tim.o
                0x20000278                htim8
 .bss.huart1    0x200002c0       0x48 ./Core/Src/usart.o
                0x200002c0                huart1
 .bss.uwTick    0x20000308        0x4 ./Drivers/STM32F4xx_HAL_Driver/Src/stm32f4xx_hal.o
                0x20000308                uwTick
 .bss.KernelState
                0x2000030c        0x4 ./Middlewares/Third_Party/FreeRTOS/Source/CMSIS_RTOS_V2/cmsis_os2.o
 .bss.Idle_TCB.3
                0x20000310       0xa8 ./Middlewares/Third_Party/FreeRTOS/Source/CMSIS_RTOS_V2/cmsis_os2.o
 .bss.Idle_Stack.2
                0x200003b8      0x200 ./Middlewares/Third_Party/FreeRTOS/Source/CMSIS_RTOS_V2/cmsis_os2.o
 .bss.Timer_TCB.1
                0x200005b8       0xa8 ./Middlewares/Third_Party/FreeRTOS/Source/CMSIS_RTOS_V2/cmsis_os2.o
 .bss.Timer_Stack.0
                0x20000660      0x400 ./Middlewares/Third_Party/FreeRTOS/Source/CMSIS_RTOS_V2/cmsis_os2.o
 .bss.xQueueRegistry
                0x20000a60       0x40 ./Middlewares/Third_Party/FreeRTOS/Source/queue.o
                0x20000a60                xQueueRegistry
 .bss.pxCurrentTCB
                0x20000aa0        0x4 ./Middlewares/Third_Party/FreeRTOS/Source/tasks.o
                0x20000aa0                pxCurrentTCB
 .bss.pxReadyTasksLists
                0x20000aa4      0x460 ./Middlewares/Third_Party/FreeRTOS/Source/tasks.o
 .bss.xDelayedTaskList1
                0x20000f04       0x14 ./Middlewares/Third_Party/FreeRTOS/Source/tasks.o
 .bss.xDelayedTaskList2
                0x20000f18       0x14 ./Middlewares/Third_Party/FreeRTOS/Source/tasks.o
 .bss.pxDelayedTaskList
                0x20000f2c        0x4 ./Middlewares/Third_Party/FreeRTOS/Source/tasks.o
 .bss.pxOverflowDelayedTaskList
                0x20000f30        0x4 ./Middlewares/Third_Party/FreeRTOS/Source/tasks.o
 .bss.xPendingReadyList
                0x20000f34       0x14 ./Middlewares/Third_Party/FreeRTOS/Source/tasks.o
 .bss.xTasksWaitingTermination
                0x20000f48       0x14 ./Middlewares/Third_Party/FreeRTOS/Source/tasks.o
 .bss.uxDeletedTasksWaitingCleanUp
                0x20000f5c        0x4 ./Middlewares/Third_Party/FreeRTOS/Source/tasks.o
 .bss.xSuspendedTaskList
                0x20000f60       0x14 ./Middlewares/Third_Party/FreeRTOS/Source/tasks.o
 .bss.uxCurrentNumberOfTasks
                0x20000f74        0x4 ./Middlewares/Third_Party/FreeRTOS/Source/tasks.o
 .bss.xTickCount
                0x20000f78        0x4 ./Middlewares/Third_Party/FreeRTOS/Source/tasks.o
 .bss.uxTopReadyPriority
                0x20000f7c        0x4 ./Middlewares/Third_Party/FreeRTOS/Source/tasks.o
 .bss.xSchedulerRunning
                0x20000f80        0x4 ./Middlewares/Third_Party/FreeRTOS/Source/tasks.o
 .bss.xPendedTicks
                0x20000f84        0x4 ./Middlewares/Third_Party/FreeRTOS/Source/tasks.o
 .bss.xYieldPending
                0x20000f88        0x4 ./Middlewares/Third_Party/FreeRTOS/Source/tasks.o
 .bss.xNumOfOverflows
                0x20000f8c        0x4 ./Middlewares/Third_Party/FreeRTOS/Source/tasks.o
 .bss.uxTaskNumber
                0x20000f90        0x4 ./Middlewares/Third_Party/FreeRTOS/Source/tasks.o
 .bss.xNextTaskUnblockTime
                0x20000f94        0x4 ./Middlewares/Third_Party/FreeRTOS/Source/tasks.o
 .bss.xIdleTaskHandle
                0x20000f98        0x4 ./Middlewares/Third_Party/FreeRTOS/Source/tasks.o
 .bss.uxSchedulerSuspended
                0x20000f9c        0x4 ./Middlewares/Third_Party/FreeRTOS/Source/tasks.o
 .bss.xActiveTimerList1
                0x20000fa0       0x14 ./Middlewares/Third_Party/FreeRTOS/Source/timers.o
 .bss.xActiveTimerList2
                0x20000fb4       0x14 ./Middlewares/Third_Party/FreeRTOS/Source/timers.o
 .bss.pxCurrentTimerList
                0x20000fc8        0x4 ./Middlewares/Third_Party/FreeRTOS/Source/timers.o
 .bss.pxOverflowTimerList
                0x20000fcc        0x4 ./Middlewares/Third_Party/FreeRTOS/Source/timers.o
 .bss.xTimerQueue
                0x20000fd0        0x4 ./Middlewares/Third_Party/FreeRTOS/Source/timers.o
 .bss.xTimerTaskHandle
                0x20000fd4        0x4 ./Middlewares/Third_Party/FreeRTOS/Source/timers.o
 .bss.xLastTime.2
                0x20000fd8        0x4 ./Middlewares/Third_Party/FreeRTOS/Source/timers.o
 .bss.ucStaticTimerQueueStorage.1
                0x20000fdc       0xa0 ./Middlewares/Third_Party/FreeRTOS/Source/timers.o
 .bss.xStaticTimerQueue.0
                0x2000107c       0x50 ./Middlewares/Third_Party/FreeRTOS/Source/timers.o
 .bss.ucMaxSysCallPriority
                0x200010cc        0x1 ./Middlewares/Third_Party/FreeRTOS/Source/portable/GCC/ARM_CM4F/port.o
 *fill*         0x200010cd        0x3 
 .bss.ulMaxPRIGROUPValue
                0x200010d0        0x4 ./Middlewares/Third_Party/FreeRTOS/Source/portable/GCC/ARM_CM4F/port.o
 .bss.ucHeap    0x200010d4     0x3c00 ./Middlewares/Third_Party/FreeRTOS/Source/portable/MemMang/heap_4.o
 .bss.xStart    0x20004cd4        0x8 ./Middlewares/Third_Party/FreeRTOS/Source/portable/MemMang/heap_4.o
 .bss.pxEnd     0x20004cdc        0x4 ./Middlewares/Third_Party/FreeRTOS/Source/portable/MemMang/heap_4.o
 .bss.xFreeBytesRemaining
                0x20004ce0        0x4 ./Middlewares/Third_Party/FreeRTOS/Source/portable/MemMang/heap_4.o
 .bss.xMinimumEverFreeBytesRemaining
                0x20004ce4        0x4 ./Middlewares/Third_Party/FreeRTOS/Source/portable/MemMang/heap_4.o
 .bss.xNumberOfSuccessfulAllocations
                0x20004ce8        0x4 ./Middlewares/Third_Party/FreeRTOS/Source/portable/MemMang/heap_4.o
 .bss.xNumberOfSuccessfulFrees
                0x20004cec        0x4 ./Middlewares/Third_Party/FreeRTOS/Source/portable/MemMang/heap_4.o
 .bss.xBlockAllocatedBit
                0x20004cf0        0x4 ./Middlewares/Third_Party/FreeRTOS/Source/portable/MemMang/heap_4.o
 .bss.__sf      0x20004cf4      0x138 C:/ST/STM32CubeIDE_2.2.0/STM32CubeIDE/plugins/com.st.stm32cube.ide.mcu.externaltools.gnu-tools-for-stm32.14.3.rel1.win32_1.0.100.202602081740/tools/bin/../lib/gcc/arm-none-eabi/14.3.1/../../../../arm-none-eabi/lib/thumb/v7e-m+fp/hard\libc_nano.a(libc_a-findfp.o)
                0x20004cf4                __sf
 .bss.__lock___malloc_recursive_mutex
                0x20004e2c        0x1 C:/ST/STM32CubeIDE_2.2.0/STM32CubeIDE/plugins/com.st.stm32cube.ide.mcu.externaltools.gnu-tools-for-stm32.14.3.rel1.win32_1.0.100.202602081740/tools/bin/../lib/gcc/arm-none-eabi/14.3.1/../../../../arm-none-eabi/lib/thumb/v7e-m+fp/hard\libc_nano.a(libc_a-lock.o)
                0x20004e2c                __lock___malloc_recursive_mutex
 *fill*         0x20004e2d        0x3 
 .bss.__malloc_free_list
                0x20004e30        0x4 C:/ST/STM32CubeIDE_2.2.0/STM32CubeIDE/plugins/com.st.stm32cube.ide.mcu.externaltools.gnu-tools-for-stm32.14.3.rel1.win32_1.0.100.202602081740/tools/bin/../lib/gcc/arm-none-eabi/14.3.1/../../../../arm-none-eabi/lib/thumb/v7e-m+fp/hard\libc_nano.a(libc_a-mallocr.o)
                0x20004e30                __malloc_free_list
 *(COMMON)
                0x20004e34                        . = ALIGN (0x4)
                0x20004e34                        _ebss = .
                0x20004e34                        __bss_end__ = _ebss

._user_heap_stack
                0x20004e34      0x604
                0x20004e38                        . = ALIGN (0x8)
 *fill*         0x20004e34        0x4 
                [!provide]                        PROVIDE (end = .)
                0x20004e38                        PROVIDE (_end = .)
                0x20005038                        . = (. + _Min_Heap_Size)
 *fill*         0x20004e38      0x200 
                0x20005438                        . = (. + _Min_Stack_Size)
 *fill*         0x20005038      0x400 
                0x20005438                        . = ALIGN (0x8)

/DISCARD/
 libc.a(*)
 libm.a(*)
 libgcc.a(*)

.ARM.attributes
                0x00000000       0x30
 *(.ARM.attributes)
 .ARM.attributes
                0x00000000       0x22 C:/ST/STM32CubeIDE_2.2.0/STM32CubeIDE/plugins/com.st.stm32cube.ide.mcu.externaltools.gnu-tools-for-stm32.14.3.rel1.win32_1.0.100.202602081740/tools/bin/../lib/gcc/arm-none-eabi/14.3.1/thumb/v7e-m+fp/hard/crti.o
 .ARM.attributes
                0x00000022       0x34 C:/ST/STM32CubeIDE_2.2.0/STM32CubeIDE/plugins/com.st.stm32cube.ide.mcu.externaltools.gnu-tools-for-stm32.14.3.rel1.win32_1.0.100.202602081740/tools/bin/../lib/gcc/arm-none-eabi/14.3.1/thumb/v7e-m+fp/hard/crtbegin.o
 .ARM.attributes
                0x00000056       0x34 ./Core/Src/freertos.o
 .ARM.attributes
                0x0000008a       0x34 ./Core/Src/gpio.o
 .ARM.attributes
                0x000000be       0x34 ./Core/Src/main.o
 .ARM.attributes
                0x000000f2       0x34 ./Core/Src/stepper.o
 .ARM.attributes
                0x00000126       0x34 ./Core/Src/stm32f4xx_hal_msp.o
 .ARM.attributes
                0x0000015a       0x34 ./Core/Src/stm32f4xx_hal_timebase_tim.o
 .ARM.attributes
                0x0000018e       0x34 ./Core/Src/stm32f4xx_it.o
 .ARM.attributes
                0x000001c2       0x34 ./Core/Src/system_stm32f4xx.o
 .ARM.attributes
                0x000001f6       0x34 ./Core/Src/tim.o
 .ARM.attributes
                0x0000022a       0x34 ./Core/Src/usart.o
 .ARM.attributes
                0x0000025e       0x21 ./Core/Startup/startup_stm32f407vetx.o
 .ARM.attributes
                0x0000027f       0x34 ./Drivers/STM32F4xx_HAL_Driver/Src/stm32f4xx_hal.o
 .ARM.attributes
                0x000002b3       0x34 ./Drivers/STM32F4xx_HAL_Driver/Src/stm32f4xx_hal_cortex.o
 .ARM.attributes
                0x000002e7       0x34 ./Drivers/STM32F4xx_HAL_Driver/Src/stm32f4xx_hal_dma.o
 .ARM.attributes
                0x0000031b       0x34 ./Drivers/STM32F4xx_HAL_Driver/Src/stm32f4xx_hal_gpio.o
 .ARM.attributes
                0x0000034f       0x34 ./Drivers/STM32F4xx_HAL_Driver/Src/stm32f4xx_hal_rcc.o
 .ARM.attributes
                0x00000383       0x34 ./Drivers/STM32F4xx_HAL_Driver/Src/stm32f4xx_hal_tim.o
 .ARM.attributes
                0x000003b7       0x34 ./Drivers/STM32F4xx_HAL_Driver/Src/stm32f4xx_hal_tim_ex.o
 .ARM.attributes
                0x000003eb       0x34 ./Drivers/STM32F4xx_HAL_Driver/Src/stm32f4xx_hal_uart.o
 .ARM.attributes
                0x0000041f       0x34 ./Middlewares/Third_Party/FreeRTOS/Source/CMSIS_RTOS_V2/cmsis_os2.o
 .ARM.attributes
                0x00000453       0x34 ./Middlewares/Third_Party/FreeRTOS/Source/list.o
 .ARM.attributes
                0x00000487       0x34 ./Middlewares/Third_Party/FreeRTOS/Source/queue.o
 .ARM.attributes
                0x000004bb       0x34 ./Middlewares/Third_Party/FreeRTOS/Source/tasks.o
 .ARM.attributes
                0x000004ef       0x34 ./Middlewares/Third_Party/FreeRTOS/Source/timers.o
 .ARM.attributes
                0x00000523       0x34 ./Middlewares/Third_Party/FreeRTOS/Source/portable/GCC/ARM_CM4F/port.o
 .ARM.attributes
                0x00000557       0x34 ./Middlewares/Third_Party/FreeRTOS/Source/portable/MemMang/heap_4.o
 .ARM.attributes
                0x0000058b       0x34 C:/ST/STM32CubeIDE_2.2.0/STM32CubeIDE/plugins/com.st.stm32cube.ide.mcu.externaltools.gnu-tools-for-stm32.14.3.rel1.win32_1.0.100.202602081740/tools/bin/../lib/gcc/arm-none-eabi/14.3.1/../../../../arm-none-eabi/lib/thumb/v7e-m+fp/hard\libc_nano.a(libc_a-findfp.o)
 .ARM.attributes
                0x000005bf       0x34 C:/ST/STM32CubeIDE_2.2.0/STM32CubeIDE/plugins/com.st.stm32cube.ide.mcu.externaltools.gnu-tools-for-stm32.14.3.rel1.win32_1.0.100.202602081740/tools/bin/../lib/gcc/arm-none-eabi/14.3.1/../../../../arm-none-eabi/lib/thumb/v7e-m+fp/hard\libc_nano.a(libc_a-memset.o)
 .ARM.attributes
                0x000005f3       0x34 C:/ST/STM32CubeIDE_2.2.0/STM32CubeIDE/plugins/com.st.stm32cube.ide.mcu.externaltools.gnu-tools-for-stm32.14.3.rel1.win32_1.0.100.202602081740/tools/bin/../lib/gcc/arm-none-eabi/14.3.1/../../../../arm-none-eabi/lib/thumb/v7e-m+fp/hard\libc_nano.a(libc_a-reent.o)
 .ARM.attributes
                0x00000627       0x34 C:/ST/STM32CubeIDE_2.2.0/STM32CubeIDE/plugins/com.st.stm32cube.ide.mcu.externaltools.gnu-tools-for-stm32.14.3.rel1.win32_1.0.100.202602081740/tools/bin/../lib/gcc/arm-none-eabi/14.3.1/../../../../arm-none-eabi/lib/thumb/v7e-m+fp/hard\libc_nano.a(libc_a-impure.o)
 .ARM.attributes
                0x0000065b       0x34 C:/ST/STM32CubeIDE_2.2.0/STM32CubeIDE/plugins/com.st.stm32cube.ide.mcu.externaltools.gnu-tools-for-stm32.14.3.rel1.win32_1.0.100.202602081740/tools/bin/../lib/gcc/arm-none-eabi/14.3.1/../../../../arm-none-eabi/lib/thumb/v7e-m+fp/hard\libc_nano.a(libc_a-init.o)
 .ARM.attributes
                0x0000068f       0x34 C:/ST/STM32CubeIDE_2.2.0/STM32CubeIDE/plugins/com.st.stm32cube.ide.mcu.externaltools.gnu-tools-for-stm32.14.3.rel1.win32_1.0.100.202602081740/tools/bin/../lib/gcc/arm-none-eabi/14.3.1/../../../../arm-none-eabi/lib/thumb/v7e-m+fp/hard\libc_nano.a(libc_a-lock.o)
 .ARM.attributes
                0x000006c3       0x34 C:/ST/STM32CubeIDE_2.2.0/STM32CubeIDE/plugins/com.st.stm32cube.ide.mcu.externaltools.gnu-tools-for-stm32.14.3.rel1.win32_1.0.100.202602081740/tools/bin/../lib/gcc/arm-none-eabi/14.3.1/../../../../arm-none-eabi/lib/thumb/v7e-m+fp/hard\libc_nano.a(libc_a-memcpy-stub.o)
 .ARM.attributes
                0x000006f7       0x34 C:/ST/STM32CubeIDE_2.2.0/STM32CubeIDE/plugins/com.st.stm32cube.ide.mcu.externaltools.gnu-tools-for-stm32.14.3.rel1.win32_1.0.100.202602081740/tools/bin/../lib/gcc/arm-none-eabi/14.3.1/../../../../arm-none-eabi/lib/thumb/v7e-m+fp/hard\libc_nano.a(libc_a-freer.o)
 .ARM.attributes
                0x0000072b       0x34 C:/ST/STM32CubeIDE_2.2.0/STM32CubeIDE/plugins/com.st.stm32cube.ide.mcu.externaltools.gnu-tools-for-stm32.14.3.rel1.win32_1.0.100.202602081740/tools/bin/../lib/gcc/arm-none-eabi/14.3.1/../../../../arm-none-eabi/lib/thumb/v7e-m+fp/hard\libc_nano.a(libc_a-mallocr.o)
 .ARM.attributes
                0x0000075f       0x34 C:/ST/STM32CubeIDE_2.2.0/STM32CubeIDE/plugins/com.st.stm32cube.ide.mcu.externaltools.gnu-tools-for-stm32.14.3.rel1.win32_1.0.100.202602081740/tools/bin/../lib/gcc/arm-none-eabi/14.3.1/../../../../arm-none-eabi/lib/thumb/v7e-m+fp/hard\libc_nano.a(libc_a-mlock.o)
 .ARM.attributes
                0x00000793       0x22 C:/ST/STM32CubeIDE_2.2.0/STM32CubeIDE/plugins/com.st.stm32cube.ide.mcu.externaltools.gnu-tools-for-stm32.14.3.rel1.win32_1.0.100.202602081740/tools/bin/../lib/gcc/arm-none-eabi/14.3.1/thumb/v7e-m+fp/hard\libgcc.a(_aeabi_uldivmod.o)
 .ARM.attributes
                0x000007b5       0x34 C:/ST/STM32CubeIDE_2.2.0/STM32CubeIDE/plugins/com.st.stm32cube.ide.mcu.externaltools.gnu-tools-for-stm32.14.3.rel1.win32_1.0.100.202602081740/tools/bin/../lib/gcc/arm-none-eabi/14.3.1/thumb/v7e-m+fp/hard\libgcc.a(_udivmoddi4.o)
 .ARM.attributes
                0x000007e9       0x22 C:/ST/STM32CubeIDE_2.2.0/STM32CubeIDE/plugins/com.st.stm32cube.ide.mcu.externaltools.gnu-tools-for-stm32.14.3.rel1.win32_1.0.100.202602081740/tools/bin/../lib/gcc/arm-none-eabi/14.3.1/thumb/v7e-m+fp/hard\libgcc.a(_dvmd_tls.o)
 .ARM.attributes
                0x0000080b       0x22 C:/ST/STM32CubeIDE_2.2.0/STM32CubeIDE/plugins/com.st.stm32cube.ide.mcu.externaltools.gnu-tools-for-stm32.14.3.rel1.win32_1.0.100.202602081740/tools/bin/../lib/gcc/arm-none-eabi/14.3.1/thumb/v7e-m+fp/hard/crtn.o
OUTPUT(black_rtos.elf elf32-littlearm)
LOAD linker stubs
LOAD C:/ST/STM32CubeIDE_2.2.0/STM32CubeIDE/plugins/com.st.stm32cube.ide.mcu.externaltools.gnu-tools-for-stm32.14.3.rel1.win32_1.0.100.202602081740/tools/bin/../lib/gcc/arm-none-eabi/14.3.1/../../../../arm-none-eabi/lib/thumb/v7e-m+fp/hard\libc.a
LOAD C:/ST/STM32CubeIDE_2.2.0/STM32CubeIDE/plugins/com.st.stm32cube.ide.mcu.externaltools.gnu-tools-for-stm32.14.3.rel1.win32_1.0.100.202602081740/tools/bin/../lib/gcc/arm-none-eabi/14.3.1/../../../../arm-none-eabi/lib/thumb/v7e-m+fp/hard\libm.a
LOAD C:/ST/STM32CubeIDE_2.2.0/STM32CubeIDE/plugins/com.st.stm32cube.ide.mcu.externaltools.gnu-tools-for-stm32.14.3.rel1.win32_1.0.100.202602081740/tools/bin/../lib/gcc/arm-none-eabi/14.3.1/thumb/v7e-m+fp/hard\libgcc.a

.debug_info     0x00000000    0x1ae30
 .debug_info    0x00000000      0xe14 ./Core/Src/freertos.o
 .debug_info    0x00000e14      0x425 ./Core/Src/gpio.o
 .debug_info    0x00001239      0xebb ./Core/Src/main.o
 .debug_info    0x000020f4      0xaf4 ./Core/Src/stepper.o
 .debug_info    0x00002be8      0x4b7 ./Core/Src/stm32f4xx_hal_msp.o
 .debug_info    0x0000309f      0xbee ./Core/Src/stm32f4xx_hal_timebase_tim.o
 .debug_info    0x00003c8d      0x95c ./Core/Src/stm32f4xx_it.o
 .debug_info    0x000045e9      0x512 ./Core/Src/system_stm32f4xx.o
 .debug_info    0x00004afb      0xd7f ./Core/Src/tim.o
 .debug_info    0x0000587a      0xb8d ./Core/Src/usart.o
 .debug_info    0x00006407       0x30 ./Core/Startup/startup_stm32f407vetx.o
 .debug_info    0x00006437      0x944 ./Drivers/STM32F4xx_HAL_Driver/Src/stm32f4xx_hal.o
 .debug_info    0x00006d7b      0xd8c ./Drivers/STM32F4xx_HAL_Driver/Src/stm32f4xx_hal_cortex.o
 .debug_info    0x00007b07      0x8e7 ./Drivers/STM32F4xx_HAL_Driver/Src/stm32f4xx_hal_dma.o
 .debug_info    0x000083ee      0x6c3 ./Drivers/STM32F4xx_HAL_Driver/Src/stm32f4xx_hal_gpio.o
 .debug_info    0x00008ab1      0x8c3 ./Drivers/STM32F4xx_HAL_Driver/Src/stm32f4xx_hal_rcc.o
 .debug_info    0x00009374     0x299d ./Drivers/STM32F4xx_HAL_Driver/Src/stm32f4xx_hal_tim.o
 .debug_info    0x0000bd11     0x14db ./Drivers/STM32F4xx_HAL_Driver/Src/stm32f4xx_hal_tim_ex.o
 .debug_info    0x0000d1ec     0x2f4f ./Drivers/STM32F4xx_HAL_Driver/Src/stm32f4xx_hal_uart.o
 .debug_info    0x0001013b     0x4109 ./Middlewares/Third_Party/FreeRTOS/Source/CMSIS_RTOS_V2/cmsis_os2.o
 .debug_info    0x00014244      0x2af ./Middlewares/Third_Party/FreeRTOS/Source/list.o
 .debug_info    0x000144f3     0x1b79 ./Middlewares/Third_Party/FreeRTOS/Source/queue.o
 .debug_info    0x0001606c     0x28c1 ./Middlewares/Third_Party/FreeRTOS/Source/tasks.o
 .debug_info    0x0001892d     0x1b50 ./Middlewares/Third_Party/FreeRTOS/Source/timers.o
 .debug_info    0x0001a47d      0x4de ./Middlewares/Third_Party/FreeRTOS/Source/portable/GCC/ARM_CM4F/port.o
 .debug_info    0x0001a95b      0x4d5 ./Middlewares/Third_Party/FreeRTOS/Source/portable/MemMang/heap_4.o

.debug_abbrev   0x00000000     0x3cd8
 .debug_abbrev  0x00000000      0x27a ./Core/Src/freertos.o
 .debug_abbrev  0x0000027a      0x152 ./Core/Src/gpio.o
 .debug_abbrev  0x000003cc      0x28c ./Core/Src/main.o
 .debug_abbrev  0x00000658      0x205 ./Core/Src/stepper.o
 .debug_abbrev  0x0000085d      0x119 ./Core/Src/stm32f4xx_hal_msp.o
 .debug_abbrev  0x00000976      0x1f4 ./Core/Src/stm32f4xx_hal_timebase_tim.o
 .debug_abbrev  0x00000b6a      0x19c ./Core/Src/stm32f4xx_it.o
 .debug_abbrev  0x00000d06      0x11a ./Core/Src/system_stm32f4xx.o
 .debug_abbrev  0x00000e20      0x281 ./Core/Src/tim.o
 .debug_abbrev  0x000010a1      0x218 ./Core/Src/usart.o
 .debug_abbrev  0x000012b9       0x24 ./Core/Startup/startup_stm32f407vetx.o
 .debug_abbrev  0x000012dd      0x214 ./Drivers/STM32F4xx_HAL_Driver/Src/stm32f4xx_hal.o
 .debug_abbrev  0x000014f1      0x31d ./Drivers/STM32F4xx_HAL_Driver/Src/stm32f4xx_hal_cortex.o
 .debug_abbrev  0x0000180e      0x264 ./Drivers/STM32F4xx_HAL_Driver/Src/stm32f4xx_hal_dma.o
 .debug_abbrev  0x00001a72      0x1d4 ./Drivers/STM32F4xx_HAL_Driver/Src/stm32f4xx_hal_gpio.o
 .debug_abbrev  0x00001c46      0x2b7 ./Drivers/STM32F4xx_HAL_Driver/Src/stm32f4xx_hal_rcc.o
 .debug_abbrev  0x00001efd      0x278 ./Drivers/STM32F4xx_HAL_Driver/Src/stm32f4xx_hal_tim.o
 .debug_abbrev  0x00002175      0x283 ./Drivers/STM32F4xx_HAL_Driver/Src/stm32f4xx_hal_tim_ex.o
 .debug_abbrev  0x000023f8      0x30e ./Drivers/STM32F4xx_HAL_Driver/Src/stm32f4xx_hal_uart.o
 .debug_abbrev  0x00002706      0x548 ./Middlewares/Third_Party/FreeRTOS/Source/CMSIS_RTOS_V2/cmsis_os2.o
 .debug_abbrev  0x00002c4e       0xf5 ./Middlewares/Third_Party/FreeRTOS/Source/list.o
 .debug_abbrev  0x00002d43      0x3b6 ./Middlewares/Third_Party/FreeRTOS/Source/queue.o
 .debug_abbrev  0x000030f9      0x3fe ./Middlewares/Third_Party/FreeRTOS/Source/tasks.o
 .debug_abbrev  0x000034f7      0x368 ./Middlewares/Third_Party/FreeRTOS/Source/timers.o
 .debug_abbrev  0x0000385f      0x25c ./Middlewares/Third_Party/FreeRTOS/Source/portable/GCC/ARM_CM4F/port.o
 .debug_abbrev  0x00003abb      0x21d ./Middlewares/Third_Party/FreeRTOS/Source/portable/MemMang/heap_4.o

.debug_aranges  0x00000000     0x1570
 .debug_aranges
                0x00000000       0x38 ./Core/Src/freertos.o
 .debug_aranges
                0x00000038       0x20 ./Core/Src/gpio.o
 .debug_aranges
                0x00000058       0x40 ./Core/Src/main.o
 .debug_aranges
                0x00000098       0x70 ./Core/Src/stepper.o
 .debug_aranges
                0x00000108       0x20 ./Core/Src/stm32f4xx_hal_msp.o
 .debug_aranges
                0x00000128       0x30 ./Core/Src/stm32f4xx_hal_timebase_tim.o
 .debug_aranges
                0x00000158       0x58 ./Core/Src/stm32f4xx_it.o
 .debug_aranges
                0x000001b0       0x28 ./Core/Src/system_stm32f4xx.o
 .debug_aranges
                0x000001d8       0x58 ./Core/Src/tim.o
 .debug_aranges
                0x00000230       0x30 ./Core/Src/usart.o
 .debug_aranges
                0x00000260       0x28 ./Core/Startup/startup_stm32f407vetx.o
 .debug_aranges
                0x00000288       0xf0 ./Drivers/STM32F4xx_HAL_Driver/Src/stm32f4xx_hal.o
 .debug_aranges
                0x00000378      0x130 ./Drivers/STM32F4xx_HAL_Driver/Src/stm32f4xx_hal_cortex.o
 .debug_aranges
                0x000004a8       0x90 ./Drivers/STM32F4xx_HAL_Driver/Src/stm32f4xx_hal_dma.o
 .debug_aranges
                0x00000538       0x58 ./Drivers/STM32F4xx_HAL_Driver/Src/stm32f4xx_hal_gpio.o
 .debug_aranges
                0x00000590       0x88 ./Drivers/STM32F4xx_HAL_Driver/Src/stm32f4xx_hal_rcc.o
 .debug_aranges
                0x00000618      0x3d0 ./Drivers/STM32F4xx_HAL_Driver/Src/stm32f4xx_hal_tim.o
 .debug_aranges
                0x000009e8      0x168 ./Drivers/STM32F4xx_HAL_Driver/Src/stm32f4xx_hal_tim_ex.o
 .debug_aranges
                0x00000b50      0x208 ./Drivers/STM32F4xx_HAL_Driver/Src/stm32f4xx_hal_uart.o
 .debug_aranges
                0x00000d58      0x2b0 ./Middlewares/Third_Party/FreeRTOS/Source/CMSIS_RTOS_V2/cmsis_os2.o
 .debug_aranges
                0x00001008       0x40 ./Middlewares/Third_Party/FreeRTOS/Source/list.o
 .debug_aranges
                0x00001048      0x158 ./Middlewares/Third_Party/FreeRTOS/Source/queue.o
 .debug_aranges
                0x000011a0      0x208 ./Middlewares/Third_Party/FreeRTOS/Source/tasks.o
 .debug_aranges
                0x000013a8       0xf0 ./Middlewares/Third_Party/FreeRTOS/Source/timers.o
 .debug_aranges
                0x00001498       0x80 ./Middlewares/Third_Party/FreeRTOS/Source/portable/GCC/ARM_CM4F/port.o
 .debug_aranges
                0x00001518       0x58 ./Middlewares/Third_Party/FreeRTOS/Source/portable/MemMang/heap_4.o

.debug_rnglists
                0x00000000     0x109a
 .debug_rnglists
                0x00000000       0x27 ./Core/Src/freertos.o
 .debug_rnglists
                0x00000027       0x14 ./Core/Src/gpio.o
 .debug_rnglists
                0x0000003b       0x2c ./Core/Src/main.o
 .debug_rnglists
                0x00000067       0x50 ./Core/Src/stepper.o
 .debug_rnglists
                0x000000b7       0x13 ./Core/Src/stm32f4xx_hal_msp.o
 .debug_rnglists
                0x000000ca       0x20 ./Core/Src/stm32f4xx_hal_timebase_tim.o
 .debug_rnglists
                0x000000ea       0x3d ./Core/Src/stm32f4xx_it.o
 .debug_rnglists
                0x00000127       0x1a ./Core/Src/system_stm32f4xx.o
 .debug_rnglists
                0x00000141       0x44 ./Core/Src/tim.o
 .debug_rnglists
                0x00000185       0x20 ./Core/Src/usart.o
 .debug_rnglists
                0x000001a5       0x19 ./Core/Startup/startup_stm32f407vetx.o
 .debug_rnglists
                0x000001be       0xaf ./Drivers/STM32F4xx_HAL_Driver/Src/stm32f4xx_hal.o
 .debug_rnglists
                0x0000026d       0xe0 ./Drivers/STM32F4xx_HAL_Driver/Src/stm32f4xx_hal_cortex.o
 .debug_rnglists
                0x0000034d       0x70 ./Drivers/STM32F4xx_HAL_Driver/Src/stm32f4xx_hal_dma.o
 .debug_rnglists
                0x000003bd       0x3f ./Drivers/STM32F4xx_HAL_Driver/Src/stm32f4xx_hal_gpio.o
 .debug_rnglists
                0x000003fc       0x66 ./Drivers/STM32F4xx_HAL_Driver/Src/stm32f4xx_hal_rcc.o
 .debug_rnglists
                0x00000462      0x31a ./Drivers/STM32F4xx_HAL_Driver/Src/stm32f4xx_hal_tim.o
 .debug_rnglists
                0x0000077c      0x125 ./Drivers/STM32F4xx_HAL_Driver/Src/stm32f4xx_hal_tim_ex.o
 .debug_rnglists
                0x000008a1      0x1bc ./Drivers/STM32F4xx_HAL_Driver/Src/stm32f4xx_hal_uart.o
 .debug_rnglists
                0x00000a5d      0x212 ./Middlewares/Third_Party/FreeRTOS/Source/CMSIS_RTOS_V2/cmsis_os2.o
 .debug_rnglists
                0x00000c6f       0x2b ./Middlewares/Third_Party/FreeRTOS/Source/list.o
 .debug_rnglists
                0x00000c9a      0x109 ./Middlewares/Third_Party/FreeRTOS/Source/queue.o
 .debug_rnglists
                0x00000da3      0x1a0 ./Middlewares/Third_Party/FreeRTOS/Source/tasks.o
 .debug_rnglists
                0x00000f43       0xb8 ./Middlewares/Third_Party/FreeRTOS/Source/timers.o
 .debug_rnglists
                0x00000ffb       0x5d ./Middlewares/Third_Party/FreeRTOS/Source/portable/GCC/ARM_CM4F/port.o
 .debug_rnglists
                0x00001058       0x42 ./Middlewares/Third_Party/FreeRTOS/Source/portable/MemMang/heap_4.o

.debug_macro    0x00000000    0x23bb2
 .debug_macro   0x00000000      0x37e ./Core/Src/freertos.o
 .debug_macro   0x0000037e      0xad8 ./Core/Src/freertos.o
 .debug_macro   0x00000e56      0x190 ./Core/Src/freertos.o
 .debug_macro   0x00000fe6       0x22 ./Core/Src/freertos.o
 .debug_macro   0x00001008       0x8e ./Core/Src/freertos.o
 .debug_macro   0x00001096       0x51 ./Core/Src/freertos.o
 .debug_macro   0x000010e7      0x103 ./Core/Src/freertos.o
 .debug_macro   0x000011ea       0x6a ./Core/Src/freertos.o
 .debug_macro   0x00001254      0x1df ./Core/Src/freertos.o
 .debug_macro   0x00001433      0x16f ./Core/Src/freertos.o
 .debug_macro   0x000015a2      0x15a ./Core/Src/freertos.o
 .debug_macro   0x000016fc       0xc9 ./Core/Src/freertos.o
 .debug_macro   0x000017c5       0x1c ./Core/Src/freertos.o
 .debug_macro   0x000017e1       0x26 ./Core/Src/freertos.o
 .debug_macro   0x00001807       0x61 ./Core/Src/freertos.o
 .debug_macro   0x00001868       0x2a ./Core/Src/freertos.o
 .debug_macro   0x00001892       0x43 ./Core/Src/freertos.o
 .debug_macro   0x000018d5       0x34 ./Core/Src/freertos.o
 .debug_macro   0x00001909      0x364 ./Core/Src/freertos.o
 .debug_macro   0x00001c6d       0x16 ./Core/Src/freertos.o
 .debug_macro   0x00001c83       0x4a ./Core/Src/freertos.o
 .debug_macro   0x00001ccd       0x34 ./Core/Src/freertos.o
 .debug_macro   0x00001d01       0x10 ./Core/Src/freertos.o
 .debug_macro   0x00001d11       0x58 ./Core/Src/freertos.o
 .debug_macro   0x00001d69       0x8e ./Core/Src/freertos.o
 .debug_macro   0x00001df7       0x1c ./Core/Src/freertos.o
 .debug_macro   0x00001e13      0x17e ./Core/Src/freertos.o
 .debug_macro   0x00001f91       0x10 ./Core/Src/freertos.o
 .debug_macro   0x00001fa1       0x3c ./Core/Src/freertos.o
 .debug_macro   0x00001fdd      0x4bf ./Core/Src/freertos.o
 .debug_macro   0x0000249c       0xb5 ./Core/Src/freertos.o
 .debug_macro   0x00002551       0xaa ./Core/Src/freertos.o
 .debug_macro   0x000025fb      0x29b ./Core/Src/freertos.o
 .debug_macro   0x00002896       0x2e ./Core/Src/freertos.o
 .debug_macro   0x000028c4       0x2f ./Core/Src/freertos.o
 .debug_macro   0x000028f3       0x1c ./Core/Src/freertos.o
 .debug_macro   0x0000290f       0x22 ./Core/Src/freertos.o
 .debug_macro   0x00002931       0xfb ./Core/Src/freertos.o
 .debug_macro   0x00002a2c     0x1011 ./Core/Src/freertos.o
 .debug_macro   0x00003a3d      0x11f ./Core/Src/freertos.o
 .debug_macro   0x00003b5c    0x15ea5 ./Core/Src/freertos.o
 .debug_macro   0x00019a01       0x6d ./Core/Src/freertos.o
 .debug_macro   0x00019a6e     0x3693 ./Core/Src/freertos.o
 .debug_macro   0x0001d101       0x56 ./Core/Src/freertos.o
 .debug_macro   0x0001d157      0x980 ./Core/Src/freertos.o
 .debug_macro   0x0001dad7      0x9e9 ./Core/Src/freertos.o
 .debug_macro   0x0001e4c0      0x115 ./Core/Src/freertos.o
 .debug_macro   0x0001e5d5      0x13e ./Core/Src/freertos.o
 .debug_macro   0x0001e713       0xa5 ./Core/Src/freertos.o
 .debug_macro   0x0001e7b8      0x174 ./Core/Src/freertos.o
 .debug_macro   0x0001e92c      0x287 ./Core/Src/freertos.o
 .debug_macro   0x0001ebb3       0x5f ./Core/Src/freertos.o
 .debug_macro   0x0001ec12      0x236 ./Core/Src/freertos.o
 .debug_macro   0x0001ee48      0x12c ./Core/Src/freertos.o
 .debug_macro   0x0001ef74      0x21e ./Core/Src/freertos.o
 .debug_macro   0x0001f192       0x2e ./Core/Src/freertos.o
 .debug_macro   0x0001f1c0      0x127 ./Core/Src/freertos.o
 .debug_macro   0x0001f2e7       0x7e ./Core/Src/freertos.o
 .debug_macro   0x0001f365       0x89 ./Core/Src/freertos.o
 .debug_macro   0x0001f3ee      0x8ed ./Core/Src/freertos.o
 .debug_macro   0x0001fcdb       0x4d ./Core/Src/freertos.o
 .debug_macro   0x0001fd28      0x2aa ./Core/Src/freertos.o
 .debug_macro   0x0001ffd2      0x12d ./Core/Src/freertos.o
 .debug_macro   0x000200ff       0x7c ./Core/Src/freertos.o
 .debug_macro   0x0002017b       0x6c ./Core/Src/freertos.o
 .debug_macro   0x000201e7       0x74 ./Core/Src/freertos.o
 .debug_macro   0x0002025b       0xdd ./Core/Src/freertos.o
 .debug_macro   0x00020338       0x16 ./Core/Src/freertos.o
 .debug_macro   0x0002034e       0x20 ./Core/Src/freertos.o
 .debug_macro   0x0002036e       0x22 ./Core/Src/freertos.o
 .debug_macro   0x00020390      0x1e7 ./Core/Src/gpio.o
 .debug_macro   0x00020577       0x5c ./Core/Src/gpio.o
 .debug_macro   0x000205d3      0x386 ./Core/Src/main.o
 .debug_macro   0x00020959      0x16f ./Core/Src/main.o
 .debug_macro   0x00020ac8       0x66 ./Core/Src/main.o
 .debug_macro   0x00020b2e      0x204 ./Core/Src/stepper.o
 .debug_macro   0x00020d32      0x1dd ./Core/Src/stm32f4xx_hal_msp.o
 .debug_macro   0x00020f0f      0x1ce ./Core/Src/stm32f4xx_hal_timebase_tim.o
 .debug_macro   0x000210dd      0x1e7 ./Core/Src/stm32f4xx_it.o
 .debug_macro   0x000212c4      0x1ce ./Core/Src/system_stm32f4xx.o
 .debug_macro   0x00021492      0x1e7 ./Core/Src/tim.o
 .debug_macro   0x00021679      0x1e7 ./Core/Src/usart.o
 .debug_macro   0x00021860      0x22e ./Drivers/STM32F4xx_HAL_Driver/Src/stm32f4xx_hal.o
 .debug_macro   0x00021a8e      0x1ce ./Drivers/STM32F4xx_HAL_Driver/Src/stm32f4xx_hal_cortex.o
 .debug_macro   0x00021c5c      0x1d4 ./Drivers/STM32F4xx_HAL_Driver/Src/stm32f4xx_hal_dma.o
 .debug_macro   0x00021e30      0x1d4 ./Drivers/STM32F4xx_HAL_Driver/Src/stm32f4xx_hal_gpio.o
 .debug_macro   0x00022004      0x1f2 ./Drivers/STM32F4xx_HAL_Driver/Src/stm32f4xx_hal_rcc.o
 .debug_macro   0x000221f6      0x1cf ./Drivers/STM32F4xx_HAL_Driver/Src/stm32f4xx_hal_tim.o
 .debug_macro   0x000223c5      0x1ce ./Drivers/STM32F4xx_HAL_Driver/Src/stm32f4xx_hal_tim_ex.o
 .debug_macro   0x00022593      0x1cf ./Drivers/STM32F4xx_HAL_Driver/Src/stm32f4xx_hal_uart.o
 .debug_macro   0x00022762      0x3d7 ./Middlewares/Third_Party/FreeRTOS/Source/CMSIS_RTOS_V2/cmsis_os2.o
 .debug_macro   0x00022b39       0x10 ./Middlewares/Third_Party/FreeRTOS/Source/CMSIS_RTOS_V2/cmsis_os2.o
 .debug_macro   0x00022b49       0x10 ./Middlewares/Third_Party/FreeRTOS/Source/CMSIS_RTOS_V2/cmsis_os2.o
 .debug_macro   0x00022b59       0xf5 ./Middlewares/Third_Party/FreeRTOS/Source/CMSIS_RTOS_V2/cmsis_os2.o
 .debug_macro   0x00022c4e       0x16 ./Middlewares/Third_Party/FreeRTOS/Source/CMSIS_RTOS_V2/cmsis_os2.o
 .debug_macro   0x00022c64       0x91 ./Middlewares/Third_Party/FreeRTOS/Source/CMSIS_RTOS_V2/cmsis_os2.o
 .debug_macro   0x00022cf5       0x8d ./Middlewares/Third_Party/FreeRTOS/Source/CMSIS_RTOS_V2/cmsis_os2.o
 .debug_macro   0x00022d82       0x9a ./Middlewares/Third_Party/FreeRTOS/Source/CMSIS_RTOS_V2/cmsis_os2.o
 .debug_macro   0x00022e1c       0x22 ./Middlewares/Third_Party/FreeRTOS/Source/CMSIS_RTOS_V2/cmsis_os2.o
 .debug_macro   0x00022e3e      0x199 ./Middlewares/Third_Party/FreeRTOS/Source/list.o
 .debug_macro   0x00022fd7      0x228 ./Middlewares/Third_Party/FreeRTOS/Source/queue.o
 .debug_macro   0x000231ff       0x87 ./Middlewares/Third_Party/FreeRTOS/Source/queue.o
 .debug_macro   0x00023286      0x291 ./Middlewares/Third_Party/FreeRTOS/Source/tasks.o
 .debug_macro   0x00023517       0x10 ./Middlewares/Third_Party/FreeRTOS/Source/tasks.o
 .debug_macro   0x00023527      0x1ee ./Middlewares/Third_Party/FreeRTOS/Source/timers.o
 .debug_macro   0x00023715       0x97 ./Middlewares/Third_Party/FreeRTOS/Source/timers.o
 .debug_macro   0x000237ac      0x246 ./Middlewares/Third_Party/FreeRTOS/Source/portable/GCC/ARM_CM4F/port.o
 .debug_macro   0x000239f2      0x1c0 ./Middlewares/Third_Party/FreeRTOS/Source/portable/MemMang/heap_4.o

.debug_line     0x00000000    0x19206
 .debug_line    0x00000000      0xb7c ./Core/Src/freertos.o
 .debug_line    0x00000b7c      0x781 ./Core/Src/gpio.o
 .debug_line    0x000012fd      0xb0b ./Core/Src/main.o
 .debug_line    0x00001e08      0x91d ./Core/Src/stepper.o
 .debug_line    0x00002725      0x74b ./Core/Src/stm32f4xx_hal_msp.o
 .debug_line    0x00002e70      0x7c8 ./Core/Src/stm32f4xx_hal_timebase_tim.o
 .debug_line    0x00003638      0x7ee ./Core/Src/stm32f4xx_it.o
 .debug_line    0x00003e26      0x7c0 ./Core/Src/system_stm32f4xx.o
 .debug_line    0x000045e6      0xa0d ./Core/Src/tim.o
 .debug_line    0x00004ff3      0x7bb ./Core/Src/usart.o
 .debug_line    0x000057ae       0x7a ./Core/Startup/startup_stm32f407vetx.o
 .debug_line    0x00005828      0xa3f ./Drivers/STM32F4xx_HAL_Driver/Src/stm32f4xx_hal.o
 .debug_line    0x00006267      0xd0c ./Drivers/STM32F4xx_HAL_Driver/Src/stm32f4xx_hal_cortex.o
 .debug_line    0x00006f73      0xfa8 ./Drivers/STM32F4xx_HAL_Driver/Src/stm32f4xx_hal_dma.o
 .debug_line    0x00007f1b      0xb91 ./Drivers/STM32F4xx_HAL_Driver/Src/stm32f4xx_hal_gpio.o
 .debug_line    0x00008aac      0xe4b ./Drivers/STM32F4xx_HAL_Driver/Src/stm32f4xx_hal_rcc.o
 .debug_line    0x000098f7     0x37b7 ./Drivers/STM32F4xx_HAL_Driver/Src/stm32f4xx_hal_tim.o
 .debug_line    0x0000d0ae     0x199c ./Drivers/STM32F4xx_HAL_Driver/Src/stm32f4xx_hal_tim_ex.o
 .debug_line    0x0000ea4a     0x2584 ./Drivers/STM32F4xx_HAL_Driver/Src/stm32f4xx_hal_uart.o
 .debug_line    0x00010fce     0x252b ./Middlewares/Third_Party/FreeRTOS/Source/CMSIS_RTOS_V2/cmsis_os2.o
 .debug_line    0x000134f9      0x79c ./Middlewares/Third_Party/FreeRTOS/Source/list.o
 .debug_line    0x00013c95     0x1730 ./Middlewares/Third_Party/FreeRTOS/Source/queue.o
 .debug_line    0x000153c5     0x1d37 ./Middlewares/Third_Party/FreeRTOS/Source/tasks.o
 .debug_line    0x000170fc      0xe0a ./Middlewares/Third_Party/FreeRTOS/Source/timers.o
 .debug_line    0x00017f06      0x94d ./Middlewares/Third_Party/FreeRTOS/Source/portable/GCC/ARM_CM4F/port.o
 .debug_line    0x00018853      0x9b3 ./Middlewares/Third_Party/FreeRTOS/Source/portable/MemMang/heap_4.o

.debug_str      0x00000000    0xd5be3
 .debug_str     0x00000000    0xd5be3 ./Core/Src/freertos.o
                              0xcc907 (size before relaxing)
 .debug_str     0x000d5be3    0xc428c ./Core/Src/gpio.o
 .debug_str     0x000d5be3    0xcc7ec ./Core/Src/main.o
 .debug_str     0x000d5be3    0xc48b7 ./Core/Src/stepper.o
 .debug_str     0x000d5be3    0xc46ce ./Core/Src/stm32f4xx_hal_msp.o
 .debug_str     0x000d5be3    0xc4b2c ./Core/Src/stm32f4xx_hal_timebase_tim.o
 .debug_str     0x000d5be3    0xc48d9 ./Core/Src/stm32f4xx_it.o
 .debug_str     0x000d5be3    0xc4035 ./Core/Src/system_stm32f4xx.o
 .debug_str     0x000d5be3    0xc49f8 ./Core/Src/tim.o
 .debug_str     0x000d5be3    0xc4c7d ./Core/Src/usart.o
 .debug_str     0x000d5be3       0x81 ./Core/Startup/startup_stm32f407vetx.o
 .debug_str     0x000d5be3    0xc4bb9 ./Drivers/STM32F4xx_HAL_Driver/Src/stm32f4xx_hal.o
 .debug_str     0x000d5be3    0xc4935 ./Drivers/STM32F4xx_HAL_Driver/Src/stm32f4xx_hal_cortex.o
 .debug_str     0x000d5be3    0xc444f ./Drivers/STM32F4xx_HAL_Driver/Src/stm32f4xx_hal_dma.o
 .debug_str     0x000d5be3    0xc41b0 ./Drivers/STM32F4xx_HAL_Driver/Src/stm32f4xx_hal_gpio.o
 .debug_str     0x000d5be3    0xc4469 ./Drivers/STM32F4xx_HAL_Driver/Src/stm32f4xx_hal_rcc.o
 .debug_str     0x000d5be3    0xc53bf ./Drivers/STM32F4xx_HAL_Driver/Src/stm32f4xx_hal_tim.o
 .debug_str     0x000d5be3    0xc4bcb ./Drivers/STM32F4xx_HAL_Driver/Src/stm32f4xx_hal_tim_ex.o
 .debug_str     0x000d5be3    0xc4a4a ./Drivers/STM32F4xx_HAL_Driver/Src/stm32f4xx_hal_uart.o
 .debug_str     0x000d5be3    0xcefba ./Middlewares/Third_Party/FreeRTOS/Source/CMSIS_RTOS_V2/cmsis_os2.o
 .debug_str     0x000d5be3     0xabba ./Middlewares/Third_Party/FreeRTOS/Source/list.o
 .debug_str     0x000d5be3     0xc6fa ./Middlewares/Third_Party/FreeRTOS/Source/queue.o
 .debug_str     0x000d5be3     0xd4ff ./Middlewares/Third_Party/FreeRTOS/Source/tasks.o